[    0.000000] Initializing cgroup subsys cpuset
[    0.000000] Initializing cgroup subsys cpu
[    0.000000] Initializing cgroup subsys cpuacct
[    0.000000] Linux version 4.4.0-83-generic (buildd@lgw01-29) (gcc version 5.4.0 20160609 (Ubuntu 5.4.0-6ubuntu1~16.04.4) ) #106-Ubuntu SMP Mon Jun 26 17:54:43 UTC 2017 (Ubuntu 4.4.0-83.106-generic 4.4.70)
[    0.000000] Command line: BOOT_IMAGE=/boot/vmlinuz-4.4.0-83-generic root=UUID=b85cd0c8-7287-43a0-a26b-21d8e4ba5713 ro net.ifnames=0 biosdevname=0 quiet
[    0.000000] KERNEL supported cpus:
[    0.000000]   Intel GenuineIntel
[    0.000000]   AMD AuthenticAMD
[    0.000000]   Centaur CentaurHauls
[    0.000000] Disabled fast string operations
[    0.000000] x86/fpu: xstate_offset[2]:  576, xstate_sizes[2]:  256
[    0.000000] x86/fpu: Supporting XSAVE feature 0x01: 'x87 floating point registers'
[    0.000000] x86/fpu: Supporting XSAVE feature 0x02: 'SSE registers'
[    0.000000] x86/fpu: Supporting XSAVE feature 0x04: 'AVX registers'
[    0.000000] x86/fpu: Enabled xstate features 0x7, context size is 832 bytes, using 'standard' format.
[    0.000000] x86/fpu: Using 'eager' FPU context switches.
[    0.000000] e820: BIOS-provided physical RAM map:
[    0.000000] BIOS-e820: [mem 0x0000000000000000-0x000000000009e7ff] usable
[    0.000000] BIOS-e820: [mem 0x000000000009e800-0x000000000009ffff] reserved
[    0.000000] BIOS-e820: [mem 0x00000000000dc000-0x00000000000fffff] reserved
[    0.000000] BIOS-e820: [mem 0x0000000000100000-0x000000005e6dffff] usable
[    0.000000] BIOS-e820: [mem 0x000000005e6e0000-0x000000005e6fefff] ACPI data
[    0.000000] BIOS-e820: [mem 0x000000005e6ff000-0x000000005e6fffff] ACPI NVS
[    0.000000] BIOS-e820: [mem 0x000000005e700000-0x000000005e7fffff] usable
[    0.000000] BIOS-e820: [mem 0x00000000f0000000-0x00000000f7ffffff] reserved
[    0.000000] BIOS-e820: [mem 0x00000000fec00000-0x00000000fec0ffff] reserved
[    0.000000] BIOS-e820: [mem 0x00000000fee00000-0x00000000fee00fff] reserved
[    0.000000] BIOS-e820: [mem 0x00000000fffe0000-0x00000000ffffffff] reserved
[    0.000000] NX (Execute Disable) protection: active
[    0.000000] SMBIOS 2.7 present.
[    0.000000] DMI: VMware, Inc. VMware Virtual Platform/440BX Desktop Reference Platform, BIOS 6.00 07/02/2015
[    0.000000] Hypervisor detected: VMware
[    0.000000] e820: update [mem 0x00000000-0x00000fff] usable ==> reserved
[    0.000000] e820: remove [mem 0x000a0000-0x000fffff] usable
[    0.000000] e820: last_pfn = 0x5e800 max_arch_pfn = 0x400000000
[    0.000000] MTRR default type: uncachable
[    0.000000] MTRR fixed ranges enabled:
[    0.000000]   00000-9FFFF write-back
[    0.000000]   A0000-BFFFF uncachable
[    0.000000]   C0000-CFFFF write-protect
[    0.000000]   D0000-EFFFF uncachable
[    0.000000]   F0000-FFFFF write-protect
[    0.000000] MTRR variable ranges enabled:
[    0.000000]   0 base 000C0000000 mask 3FFC0000000 uncachable
[    0.000000]   1 base 00000000000 mask 3FF00000000 write-back
[    0.000000]   2 disabled
[    0.000000]   3 disabled
[    0.000000]   4 disabled
[    0.000000]   5 disabled
[    0.000000]   6 disabled
[    0.000000]   7 disabled
[    0.000000] x86/PAT: Configuration [0-7]: WB  WC  UC- UC  WB  WC  UC- WT  
[    0.000000] original variable MTRRs
[    0.000000] reg 0, base: 3GB, range: 1GB, type UC
[    0.000000] reg 1, base: 0GB, range: 4GB, type WB
[    0.000000] total RAM covered: 3072M
[    0.000000] Found optimal setting for mtrr clean up
[    0.000000]  gran_size: 64K 	chunk_size: 64K 	num_reg: 2  	lose cover RAM: 0G
[    0.000000] New variable MTRRs
[    0.000000] reg 0, base: 0GB, range: 2GB, type WB
[    0.000000] reg 1, base: 2GB, range: 1GB, type WB
[    0.000000] found SMP MP-table at [mem 0x000f6a80-0x000f6a8f] mapped at [ffff8800000f6a80]
[    0.000000] Scanning 1 areas for low memory corruption
[    0.000000] Base memory trampoline at [ffff880000098000] 98000 size 24576
[    0.000000] Using GB pages for direct mapping
[    0.000000] BRK [0x0220d000, 0x0220dfff] PGTABLE
[    0.000000] BRK [0x0220e000, 0x0220efff] PGTABLE
[    0.000000] BRK [0x0220f000, 0x0220ffff] PGTABLE
[    0.000000] BRK [0x02210000, 0x02210fff] PGTABLE
[    0.000000] BRK [0x02211000, 0x02211fff] PGTABLE
[    0.000000] RAMDISK: [mem 0x3375e000-0x35ba6fff]
[    0.000000] ACPI: Early table checksum verification disabled
[    0.000000] ACPI: RSDP 0x00000000000F6A10 000024 (v02 PTLTD )
[    0.000000] ACPI: XSDT 0x000000005E6EA65B 00005C (v01 INTEL  440BX    06040000 VMW  01324272)
[    0.000000] ACPI: FACP 0x000000005E6FEE73 0000F4 (v04 INTEL  440BX    06040000 PTL  000F4240)
[    0.000000] ACPI: DSDT 0x000000005E6EC3FC 012A77 (v01 PTLTD  Custom   06040000 MSFT 03000001)
[    0.000000] ACPI: FACS 0x000000005E6FFFC0 000040
[    0.000000] ACPI: FACS 0x000000005E6FFFC0 000040
[    0.000000] ACPI: BOOT 0x000000005E6EC3D4 000028 (v01 PTLTD  $SBFTBL$ 06040000  LTP 00000001)
[    0.000000] ACPI: APIC 0x000000005E6EB8BD 000742 (v01 PTLTD  ? APIC   06040000  LTP 00000000)
[    0.000000] ACPI: MCFG 0x000000005E6EB881 00003C (v01 PTLTD  $PCITBL$ 06040000  LTP 00000001)
[    0.000000] ACPI: SRAT 0x000000005E6EA757 0008A8 (v02 VMWARE MEMPLUG  06040000 VMW  00000001)
[    0.000000] ACPI: HPET 0x000000005E6EA71F 000038 (v01 VMWARE VMW HPET 06040000 VMW  00000001)
[    0.000000] ACPI: WAET 0x000000005E6EA6F7 000028 (v01 VMWARE VMW WAET 06040000 VMW  00000001)
[    0.000000] ACPI: Local APIC address 0xfee00000
[    0.000000] system APIC only can use physical flat
[    0.000000] Setting APIC routing to physical flat.
[    0.000000] SRAT: PXM 0 -> APIC 0x00 -> Node 0
[    0.000000] SRAT: PXM 0 -> APIC 0x02 -> Node 0
[    0.000000] SRAT: PXM 0 -> APIC 0x04 -> Node 0
[    0.000000] SRAT: PXM 0 -> APIC 0x06 -> Node 0
[    0.000000] SRAT: PXM 0 -> APIC 0x08 -> Node 0
[    0.000000] SRAT: PXM 0 -> APIC 0x0a -> Node 0
[    0.000000] SRAT: PXM 0 -> APIC 0x0c -> Node 0
[    0.000000] SRAT: PXM 0 -> APIC 0x0e -> Node 0
[    0.000000] SRAT: PXM 0 -> APIC 0x10 -> Node 0
[    0.000000] SRAT: PXM 0 -> APIC 0x12 -> Node 0
[    0.000000] SRAT: PXM 0 -> APIC 0x14 -> Node 0
[    0.000000] SRAT: PXM 0 -> APIC 0x16 -> Node 0
[    0.000000] SRAT: PXM 0 -> APIC 0x18 -> Node 0
[    0.000000] SRAT: PXM 0 -> APIC 0x1a -> Node 0
[    0.000000] SRAT: PXM 0 -> APIC 0x1c -> Node 0
[    0.000000] SRAT: PXM 0 -> APIC 0x1e -> Node 0
[    0.000000] SRAT: PXM 0 -> APIC 0x20 -> Node 0
[    0.000000] SRAT: PXM 0 -> APIC 0x22 -> Node 0
[    0.000000] SRAT: PXM 0 -> APIC 0x24 -> Node 0
[    0.000000] SRAT: PXM 0 -> APIC 0x26 -> Node 0
[    0.000000] SRAT: PXM 0 -> APIC 0x28 -> Node 0
[    0.000000] SRAT: PXM 0 -> APIC 0x2a -> Node 0
[    0.000000] SRAT: PXM 0 -> APIC 0x2c -> Node 0
[    0.000000] SRAT: PXM 0 -> APIC 0x2e -> Node 0
[    0.000000] SRAT: PXM 0 -> APIC 0x30 -> Node 0
[    0.000000] SRAT: PXM 0 -> APIC 0x32 -> Node 0
[    0.000000] SRAT: PXM 0 -> APIC 0x34 -> Node 0
[    0.000000] SRAT: PXM 0 -> APIC 0x36 -> Node 0
[    0.000000] SRAT: PXM 0 -> APIC 0x38 -> Node 0
[    0.000000] SRAT: PXM 0 -> APIC 0x3a -> Node 0
[    0.000000] SRAT: PXM 0 -> APIC 0x3c -> Node 0
[    0.000000] SRAT: PXM 0 -> APIC 0x3e -> Node 0
[    0.000000] SRAT: PXM 0 -> APIC 0x40 -> Node 0
[    0.000000] SRAT: PXM 0 -> APIC 0x42 -> Node 0
[    0.000000] SRAT: PXM 0 -> APIC 0x44 -> Node 0
[    0.000000] SRAT: PXM 0 -> APIC 0x46 -> Node 0
[    0.000000] SRAT: PXM 0 -> APIC 0x48 -> Node 0
[    0.000000] SRAT: PXM 0 -> APIC 0x4a -> Node 0
[    0.000000] SRAT: PXM 0 -> APIC 0x4c -> Node 0
[    0.000000] SRAT: PXM 0 -> APIC 0x4e -> Node 0
[    0.000000] SRAT: PXM 0 -> APIC 0x50 -> Node 0
[    0.000000] SRAT: PXM 0 -> APIC 0x52 -> Node 0
[    0.000000] SRAT: PXM 0 -> APIC 0x54 -> Node 0
[    0.000000] SRAT: PXM 0 -> APIC 0x56 -> Node 0
[    0.000000] SRAT: PXM 0 -> APIC 0x58 -> Node 0
[    0.000000] SRAT: PXM 0 -> APIC 0x5a -> Node 0
[    0.000000] SRAT: PXM 0 -> APIC 0x5c -> Node 0
[    0.000000] SRAT: PXM 0 -> APIC 0x5e -> Node 0
[    0.000000] SRAT: PXM 0 -> APIC 0x60 -> Node 0
[    0.000000] SRAT: PXM 0 -> APIC 0x62 -> Node 0
[    0.000000] SRAT: PXM 0 -> APIC 0x64 -> Node 0
[    0.000000] SRAT: PXM 0 -> APIC 0x66 -> Node 0
[    0.000000] SRAT: PXM 0 -> APIC 0x68 -> Node 0
[    0.000000] SRAT: PXM 0 -> APIC 0x6a -> Node 0
[    0.000000] SRAT: PXM 0 -> APIC 0x6c -> Node 0
[    0.000000] SRAT: PXM 0 -> APIC 0x6e -> Node 0
[    0.000000] SRAT: PXM 0 -> APIC 0x70 -> Node 0
[    0.000000] SRAT: PXM 0 -> APIC 0x72 -> Node 0
[    0.000000] SRAT: PXM 0 -> APIC 0x74 -> Node 0
[    0.000000] SRAT: PXM 0 -> APIC 0x76 -> Node 0
[    0.000000] SRAT: PXM 0 -> APIC 0x78 -> Node 0
[    0.000000] SRAT: PXM 0 -> APIC 0x7a -> Node 0
[    0.000000] SRAT: PXM 0 -> APIC 0x7c -> Node 0
[    0.000000] SRAT: PXM 0 -> APIC 0x7e -> Node 0
[    0.000000] SRAT: PXM 0 -> APIC 0x80 -> Node 0
[    0.000000] SRAT: PXM 0 -> APIC 0x82 -> Node 0
[    0.000000] SRAT: PXM 0 -> APIC 0x84 -> Node 0
[    0.000000] SRAT: PXM 0 -> APIC 0x86 -> Node 0
[    0.000000] SRAT: PXM 0 -> APIC 0x88 -> Node 0
[    0.000000] SRAT: PXM 0 -> APIC 0x8a -> Node 0
[    0.000000] SRAT: PXM 0 -> APIC 0x8c -> Node 0
[    0.000000] SRAT: PXM 0 -> APIC 0x8e -> Node 0
[    0.000000] SRAT: PXM 0 -> APIC 0x90 -> Node 0
[    0.000000] SRAT: PXM 0 -> APIC 0x92 -> Node 0
[    0.000000] SRAT: PXM 0 -> APIC 0x94 -> Node 0
[    0.000000] SRAT: PXM 0 -> APIC 0x96 -> Node 0
[    0.000000] SRAT: PXM 0 -> APIC 0x98 -> Node 0
[    0.000000] SRAT: PXM 0 -> APIC 0x9a -> Node 0
[    0.000000] SRAT: PXM 0 -> APIC 0x9c -> Node 0
[    0.000000] SRAT: PXM 0 -> APIC 0x9e -> Node 0
[    0.000000] SRAT: PXM 0 -> APIC 0xa0 -> Node 0
[    0.000000] SRAT: PXM 0 -> APIC 0xa2 -> Node 0
[    0.000000] SRAT: PXM 0 -> APIC 0xa4 -> Node 0
[    0.000000] SRAT: PXM 0 -> APIC 0xa6 -> Node 0
[    0.000000] SRAT: PXM 0 -> APIC 0xa8 -> Node 0
[    0.000000] SRAT: PXM 0 -> APIC 0xaa -> Node 0
[    0.000000] SRAT: PXM 0 -> APIC 0xac -> Node 0
[    0.000000] SRAT: PXM 0 -> APIC 0xae -> Node 0
[    0.000000] SRAT: PXM 0 -> APIC 0xb0 -> Node 0
[    0.000000] SRAT: PXM 0 -> APIC 0xb2 -> Node 0
[    0.000000] SRAT: PXM 0 -> APIC 0xb4 -> Node 0
[    0.000000] SRAT: PXM 0 -> APIC 0xb6 -> Node 0
[    0.000000] SRAT: PXM 0 -> APIC 0xb8 -> Node 0
[    0.000000] SRAT: PXM 0 -> APIC 0xba -> Node 0
[    0.000000] SRAT: PXM 0 -> APIC 0xbc -> Node 0
[    0.000000] SRAT: PXM 0 -> APIC 0xbe -> Node 0
[    0.000000] SRAT: PXM 0 -> APIC 0xc0 -> Node 0
[    0.000000] SRAT: PXM 0 -> APIC 0xc2 -> Node 0
[    0.000000] SRAT: PXM 0 -> APIC 0xc4 -> Node 0
[    0.000000] SRAT: PXM 0 -> APIC 0xc6 -> Node 0
[    0.000000] SRAT: PXM 0 -> APIC 0xc8 -> Node 0
[    0.000000] SRAT: PXM 0 -> APIC 0xca -> Node 0
[    0.000000] SRAT: PXM 0 -> APIC 0xcc -> Node 0
[    0.000000] SRAT: PXM 0 -> APIC 0xce -> Node 0
[    0.000000] SRAT: PXM 0 -> APIC 0xd0 -> Node 0
[    0.000000] SRAT: PXM 0 -> APIC 0xd2 -> Node 0
[    0.000000] SRAT: PXM 0 -> APIC 0xd4 -> Node 0
[    0.000000] SRAT: PXM 0 -> APIC 0xd6 -> Node 0
[    0.000000] SRAT: PXM 0 -> APIC 0xd8 -> Node 0
[    0.000000] SRAT: PXM 0 -> APIC 0xda -> Node 0
[    0.000000] SRAT: PXM 0 -> APIC 0xdc -> Node 0
[    0.000000] SRAT: PXM 0 -> APIC 0xde -> Node 0
[    0.000000] SRAT: PXM 0 -> APIC 0xe0 -> Node 0
[    0.000000] SRAT: PXM 0 -> APIC 0xe2 -> Node 0
[    0.000000] SRAT: PXM 0 -> APIC 0xe4 -> Node 0
[    0.000000] SRAT: PXM 0 -> APIC 0xe6 -> Node 0
[    0.000000] SRAT: PXM 0 -> APIC 0xe8 -> Node 0
[    0.000000] SRAT: PXM 0 -> APIC 0xea -> Node 0
[    0.000000] SRAT: PXM 0 -> APIC 0xec -> Node 0
[    0.000000] SRAT: PXM 0 -> APIC 0xee -> Node 0
[    0.000000] SRAT: PXM 0 -> APIC 0xf0 -> Node 0
[    0.000000] SRAT: PXM 0 -> APIC 0xf2 -> Node 0
[    0.000000] SRAT: PXM 0 -> APIC 0xf4 -> Node 0
[    0.000000] SRAT: PXM 0 -> APIC 0xf6 -> Node 0
[    0.000000] SRAT: PXM 0 -> APIC 0xf8 -> Node 0
[    0.000000] SRAT: PXM 0 -> APIC 0xfa -> Node 0
[    0.000000] SRAT: PXM 0 -> APIC 0xfc -> Node 0
[    0.000000] SRAT: PXM 0 -> APIC 0xfe -> Node 0
[    0.000000] SRAT: Node 0 PXM 0 [mem 0x00000000-0x0009ffff]
[    0.000000] SRAT: Node 0 PXM 0 [mem 0x00100000-0x5e7fffff]
[    0.000000] SRAT: Node 0 PXM 0 [mem 0x5e800000-0xbfffffff] hotplug
[    0.000000] NUMA: Node 0 [mem 0x00000000-0x0009ffff] + [mem 0x00100000-0x5e7fffff] -> [mem 0x00000000-0x5e7fffff]
[    0.000000] NODE_DATA(0) allocated [mem 0x5e7fb000-0x5e7fffff]
[    0.000000] Zone ranges:
[    0.000000]   DMA      [mem 0x0000000000001000-0x0000000000ffffff]
[    0.000000]   DMA32    [mem 0x0000000001000000-0x000000005e7fffff]
[    0.000000]   Normal   empty
[    0.000000]   Device   empty
[    0.000000] Movable zone start for each node
[    0.000000] Early memory node ranges
[    0.000000]   node   0: [mem 0x0000000000001000-0x000000000009dfff]
[    0.000000]   node   0: [mem 0x0000000000100000-0x000000005e6dffff]
[    0.000000]   node   0: [mem 0x000000005e700000-0x000000005e7fffff]
[    0.000000] Initmem setup node 0 [mem 0x0000000000001000-0x000000005e7fffff]
[    0.000000] On node 0 totalpages: 386941
[    0.000000]   DMA zone: 64 pages used for memmap
[    0.000000]   DMA zone: 21 pages reserved
[    0.000000]   DMA zone: 3997 pages, LIFO batch:0
[    0.000000]   DMA32 zone: 5984 pages used for memmap
[    0.000000]   DMA32 zone: 382944 pages, LIFO batch:31
[    0.000000] ACPI: PM-Timer IO Port: 0x1008
[    0.000000] ACPI: Local APIC address 0xfee00000
[    0.000000] system APIC only can use physical flat
[    0.000000] ACPI: LAPIC_NMI (acpi_id[0x00] high edge lint[0x1])
[    0.000000] ACPI: LAPIC_NMI (acpi_id[0x01] high edge lint[0x1])
[    0.000000] ACPI: LAPIC_NMI (acpi_id[0x02] high edge lint[0x1])
[    0.000000] ACPI: LAPIC_NMI (acpi_id[0x03] high edge lint[0x1])
[    0.000000] ACPI: LAPIC_NMI (acpi_id[0x04] high edge lint[0x1])
[    0.000000] ACPI: LAPIC_NMI (acpi_id[0x05] high edge lint[0x1])
[    0.000000] ACPI: LAPIC_NMI (acpi_id[0x06] high edge lint[0x1])
[    0.000000] ACPI: LAPIC_NMI (acpi_id[0x07] high edge lint[0x1])
[    0.000000] ACPI: LAPIC_NMI (acpi_id[0x08] high edge lint[0x1])
[    0.000000] ACPI: LAPIC_NMI (acpi_id[0x09] high edge lint[0x1])
[    0.000000] ACPI: LAPIC_NMI (acpi_id[0x0a] high edge lint[0x1])
[    0.000000] ACPI: LAPIC_NMI (acpi_id[0x0b] high edge lint[0x1])
[    0.000000] ACPI: LAPIC_NMI (acpi_id[0x0c] high edge lint[0x1])
[    0.000000] ACPI: LAPIC_NMI (acpi_id[0x0d] high edge lint[0x1])
[    0.000000] ACPI: LAPIC_NMI (acpi_id[0x0e] high edge lint[0x1])
[    0.000000] ACPI: LAPIC_NMI (acpi_id[0x0f] high edge lint[0x1])
[    0.000000] ACPI: LAPIC_NMI (acpi_id[0x10] high edge lint[0x1])
[    0.000000] ACPI: LAPIC_NMI (acpi_id[0x11] high edge lint[0x1])
[    0.000000] ACPI: LAPIC_NMI (acpi_id[0x12] high edge lint[0x1])
[    0.000000] ACPI: LAPIC_NMI (acpi_id[0x13] high edge lint[0x1])
[    0.000000] ACPI: LAPIC_NMI (acpi_id[0x14] high edge lint[0x1])
[    0.000000] ACPI: LAPIC_NMI (acpi_id[0x15] high edge lint[0x1])
[    0.000000] ACPI: LAPIC_NMI (acpi_id[0x16] high edge lint[0x1])
[    0.000000] ACPI: LAPIC_NMI (acpi_id[0x17] high edge lint[0x1])
[    0.000000] ACPI: LAPIC_NMI (acpi_id[0x18] high edge lint[0x1])
[    0.000000] ACPI: LAPIC_NMI (acpi_id[0x19] high edge lint[0x1])
[    0.000000] ACPI: LAPIC_NMI (acpi_id[0x1a] high edge lint[0x1])
[    0.000000] ACPI: LAPIC_NMI (acpi_id[0x1b] high edge lint[0x1])
[    0.000000] ACPI: LAPIC_NMI (acpi_id[0x1c] high edge lint[0x1])
[    0.000000] ACPI: LAPIC_NMI (acpi_id[0x1d] high edge lint[0x1])
[    0.000000] ACPI: LAPIC_NMI (acpi_id[0x1e] high edge lint[0x1])
[    0.000000] ACPI: LAPIC_NMI (acpi_id[0x1f] high edge lint[0x1])
[    0.000000] ACPI: LAPIC_NMI (acpi_id[0x20] high edge lint[0x1])
[    0.000000] ACPI: LAPIC_NMI (acpi_id[0x21] high edge lint[0x1])
[    0.000000] ACPI: LAPIC_NMI (acpi_id[0x22] high edge lint[0x1])
[    0.000000] ACPI: LAPIC_NMI (acpi_id[0x23] high edge lint[0x1])
[    0.000000] ACPI: LAPIC_NMI (acpi_id[0x24] high edge lint[0x1])
[    0.000000] ACPI: LAPIC_NMI (acpi_id[0x25] high edge lint[0x1])
[    0.000000] ACPI: LAPIC_NMI (acpi_id[0x26] high edge lint[0x1])
[    0.000000] ACPI: LAPIC_NMI (acpi_id[0x27] high edge lint[0x1])
[    0.000000] ACPI: LAPIC_NMI (acpi_id[0x28] high edge lint[0x1])
[    0.000000] ACPI: LAPIC_NMI (acpi_id[0x29] high edge lint[0x1])
[    0.000000] ACPI: LAPIC_NMI (acpi_id[0x2a] high edge lint[0x1])
[    0.000000] ACPI: LAPIC_NMI (acpi_id[0x2b] high edge lint[0x1])
[    0.000000] ACPI: LAPIC_NMI (acpi_id[0x2c] high edge lint[0x1])
[    0.000000] ACPI: LAPIC_NMI (acpi_id[0x2d] high edge lint[0x1])
[    0.000000] ACPI: LAPIC_NMI (acpi_id[0x2e] high edge lint[0x1])
[    0.000000] ACPI: LAPIC_NMI (acpi_id[0x2f] high edge lint[0x1])
[    0.000000] ACPI: LAPIC_NMI (acpi_id[0x30] high edge lint[0x1])
[    0.000000] ACPI: LAPIC_NMI (acpi_id[0x31] high edge lint[0x1])
[    0.000000] ACPI: LAPIC_NMI (acpi_id[0x32] high edge lint[0x1])
[    0.000000] ACPI: LAPIC_NMI (acpi_id[0x33] high edge lint[0x1])
[    0.000000] ACPI: LAPIC_NMI (acpi_id[0x34] high edge lint[0x1])
[    0.000000] ACPI: LAPIC_NMI (acpi_id[0x35] high edge lint[0x1])
[    0.000000] ACPI: LAPIC_NMI (acpi_id[0x36] high edge lint[0x1])
[    0.000000] ACPI: LAPIC_NMI (acpi_id[0x37] high edge lint[0x1])
[    0.000000] ACPI: LAPIC_NMI (acpi_id[0x38] high edge lint[0x1])
[    0.000000] ACPI: LAPIC_NMI (acpi_id[0x39] high edge lint[0x1])
[    0.000000] ACPI: LAPIC_NMI (acpi_id[0x3a] high edge lint[0x1])
[    0.000000] ACPI: LAPIC_NMI (acpi_id[0x3b] high edge lint[0x1])
[    0.000000] ACPI: LAPIC_NMI (acpi_id[0x3c] high edge lint[0x1])
[    0.000000] ACPI: LAPIC_NMI (acpi_id[0x3d] high edge lint[0x1])
[    0.000000] ACPI: LAPIC_NMI (acpi_id[0x3e] high edge lint[0x1])
[    0.000000] ACPI: LAPIC_NMI (acpi_id[0x3f] high edge lint[0x1])
[    0.000000] ACPI: LAPIC_NMI (acpi_id[0x40] high edge lint[0x1])
[    0.000000] ACPI: LAPIC_NMI (acpi_id[0x41] high edge lint[0x1])
[    0.000000] ACPI: LAPIC_NMI (acpi_id[0x42] high edge lint[0x1])
[    0.000000] ACPI: LAPIC_NMI (acpi_id[0x43] high edge lint[0x1])
[    0.000000] ACPI: LAPIC_NMI (acpi_id[0x44] high edge lint[0x1])
[    0.000000] ACPI: LAPIC_NMI (acpi_id[0x45] high edge lint[0x1])
[    0.000000] ACPI: LAPIC_NMI (acpi_id[0x46] high edge lint[0x1])
[    0.000000] ACPI: LAPIC_NMI (acpi_id[0x47] high edge lint[0x1])
[    0.000000] ACPI: LAPIC_NMI (acpi_id[0x48] high edge lint[0x1])
[    0.000000] ACPI: LAPIC_NMI (acpi_id[0x49] high edge lint[0x1])
[    0.000000] ACPI: LAPIC_NMI (acpi_id[0x4a] high edge lint[0x1])
[    0.000000] ACPI: LAPIC_NMI (acpi_id[0x4b] high edge lint[0x1])
[    0.000000] ACPI: LAPIC_NMI (acpi_id[0x4c] high edge lint[0x1])
[    0.000000] ACPI: LAPIC_NMI (acpi_id[0x4d] high edge lint[0x1])
[    0.000000] ACPI: LAPIC_NMI (acpi_id[0x4e] high edge lint[0x1])
[    0.000000] ACPI: LAPIC_NMI (acpi_id[0x4f] high edge lint[0x1])
[    0.000000] ACPI: LAPIC_NMI (acpi_id[0x50] high edge lint[0x1])
[    0.000000] ACPI: LAPIC_NMI (acpi_id[0x51] high edge lint[0x1])
[    0.000000] ACPI: LAPIC_NMI (acpi_id[0x52] high edge lint[0x1])
[    0.000000] ACPI: LAPIC_NMI (acpi_id[0x53] high edge lint[0x1])
[    0.000000] ACPI: LAPIC_NMI (acpi_id[0x54] high edge lint[0x1])
[    0.000000] ACPI: LAPIC_NMI (acpi_id[0x55] high edge lint[0x1])
[    0.000000] ACPI: LAPIC_NMI (acpi_id[0x56] high edge lint[0x1])
[    0.000000] ACPI: LAPIC_NMI (acpi_id[0x57] high edge lint[0x1])
[    0.000000] ACPI: LAPIC_NMI (acpi_id[0x58] high edge lint[0x1])
[    0.000000] ACPI: LAPIC_NMI (acpi_id[0x59] high edge lint[0x1])
[    0.000000] ACPI: LAPIC_NMI (acpi_id[0x5a] high edge lint[0x1])
[    0.000000] ACPI: LAPIC_NMI (acpi_id[0x5b] high edge lint[0x1])
[    0.000000] ACPI: LAPIC_NMI (acpi_id[0x5c] high edge lint[0x1])
[    0.000000] ACPI: LAPIC_NMI (acpi_id[0x5d] high edge lint[0x1])
[    0.000000] ACPI: LAPIC_NMI (acpi_id[0x5e] high edge lint[0x1])
[    0.000000] ACPI: LAPIC_NMI (acpi_id[0x5f] high edge lint[0x1])
[    0.000000] ACPI: LAPIC_NMI (acpi_id[0x60] high edge lint[0x1])
[    0.000000] ACPI: LAPIC_NMI (acpi_id[0x61] high edge lint[0x1])
[    0.000000] ACPI: LAPIC_NMI (acpi_id[0x62] high edge lint[0x1])
[    0.000000] ACPI: LAPIC_NMI (acpi_id[0x63] high edge lint[0x1])
[    0.000000] ACPI: LAPIC_NMI (acpi_id[0x64] high edge lint[0x1])
[    0.000000] ACPI: LAPIC_NMI (acpi_id[0x65] high edge lint[0x1])
[    0.000000] ACPI: LAPIC_NMI (acpi_id[0x66] high edge lint[0x1])
[    0.000000] ACPI: LAPIC_NMI (acpi_id[0x67] high edge lint[0x1])
[    0.000000] ACPI: LAPIC_NMI (acpi_id[0x68] high edge lint[0x1])
[    0.000000] ACPI: LAPIC_NMI (acpi_id[0x69] high edge lint[0x1])
[    0.000000] ACPI: LAPIC_NMI (acpi_id[0x6a] high edge lint[0x1])
[    0.000000] ACPI: LAPIC_NMI (acpi_id[0x6b] high edge lint[0x1])
[    0.000000] ACPI: LAPIC_NMI (acpi_id[0x6c] high edge lint[0x1])
[    0.000000] ACPI: LAPIC_NMI (acpi_id[0x6d] high edge lint[0x1])
[    0.000000] ACPI: LAPIC_NMI (acpi_id[0x6e] high edge lint[0x1])
[    0.000000] ACPI: LAPIC_NMI (acpi_id[0x6f] high edge lint[0x1])
[    0.000000] ACPI: LAPIC_NMI (acpi_id[0x70] high edge lint[0x1])
[    0.000000] ACPI: LAPIC_NMI (acpi_id[0x71] high edge lint[0x1])
[    0.000000] ACPI: LAPIC_NMI (acpi_id[0x72] high edge lint[0x1])
[    0.000000] ACPI: LAPIC_NMI (acpi_id[0x73] high edge lint[0x1])
[    0.000000] ACPI: LAPIC_NMI (acpi_id[0x74] high edge lint[0x1])
[    0.000000] ACPI: LAPIC_NMI (acpi_id[0x75] high edge lint[0x1])
[    0.000000] ACPI: LAPIC_NMI (acpi_id[0x76] high edge lint[0x1])
[    0.000000] ACPI: LAPIC_NMI (acpi_id[0x77] high edge lint[0x1])
[    0.000000] ACPI: LAPIC_NMI (acpi_id[0x78] high edge lint[0x1])
[    0.000000] ACPI: LAPIC_NMI (acpi_id[0x79] high edge lint[0x1])
[    0.000000] ACPI: LAPIC_NMI (acpi_id[0x7a] high edge lint[0x1])
[    0.000000] ACPI: LAPIC_NMI (acpi_id[0x7b] high edge lint[0x1])
[    0.000000] ACPI: LAPIC_NMI (acpi_id[0x7c] high edge lint[0x1])
[    0.000000] ACPI: LAPIC_NMI (acpi_id[0x7d] high edge lint[0x1])
[    0.000000] ACPI: LAPIC_NMI (acpi_id[0x7e] high edge lint[0x1])
[    0.000000] ACPI: LAPIC_NMI (acpi_id[0x7f] high edge lint[0x1])
[    0.000000] IOAPIC[0]: apic_id 1, version 17, address 0xfec00000, GSI 0-23
[    0.000000] ACPI: INT_SRC_OVR (bus 0 bus_irq 0 global_irq 2 high edge)
[    0.000000] ACPI: IRQ0 used by override.
[    0.000000] ACPI: IRQ9 used by override.
[    0.000000] Using ACPI (MADT) for SMP configuration information
[    0.000000] ACPI: HPET id: 0x8086af01 base: 0xfed00000
[    0.000000] smpboot: Allowing 128 CPUs, 127 hotplug CPUs
[    0.000000] PM: Registered nosave memory: [mem 0x00000000-0x00000fff]
[    0.000000] PM: Registered nosave memory: [mem 0x0009e000-0x0009efff]
[    0.000000] PM: Registered nosave memory: [mem 0x0009f000-0x0009ffff]
[    0.000000] PM: Registered nosave memory: [mem 0x000a0000-0x000dbfff]
[    0.000000] PM: Registered nosave memory: [mem 0x000dc000-0x000fffff]
[    0.000000] PM: Registered nosave memory: [mem 0x5e6e0000-0x5e6fefff]
[    0.000000] PM: Registered nosave memory: [mem 0x5e6ff000-0x5e6fffff]
[    0.000000] e820: [mem 0x5e800000-0xefffffff] available for PCI devices
[    0.000000] Booting paravirtualized kernel on bare hardware
[    0.000000] clocksource: refined-jiffies: mask: 0xffffffff max_cycles: 0xffffffff, max_idle_ns: 7645519600211568 ns
[    0.000000] setup_percpu: NR_CPUS:512 nr_cpumask_bits:512 nr_cpu_ids:128 nr_node_ids:1
[    0.000000] PERCPU: Embedded 33 pages/cpu @ffff88005a600000 s98264 r8192 d28712 u262144
[    0.000000] pcpu-alloc: s98264 r8192 d28712 u262144 alloc=1*2097152
[    0.000000] pcpu-alloc: [0] 000 001 002 003 004 005 006 007 
[    0.000000] pcpu-alloc: [0] 008 009 010 011 012 013 014 015 
[    0.000000] pcpu-alloc: [0] 016 017 018 019 020 021 022 023 
[    0.000000] pcpu-alloc: [0] 024 025 026 027 028 029 030 031 
[    0.000000] pcpu-alloc: [0] 032 033 034 035 036 037 038 039 
[    0.000000] pcpu-alloc: [0] 040 041 042 043 044 045 046 047 
[    0.000000] pcpu-alloc: [0] 048 049 050 051 052 053 054 055 
[    0.000000] pcpu-alloc: [0] 056 057 058 059 060 061 062 063 
[    0.000000] pcpu-alloc: [0] 064 065 066 067 068 069 070 071 
[    0.000000] pcpu-alloc: [0] 072 073 074 075 076 077 078 079 
[    0.000000] pcpu-alloc: [0] 080 081 082 083 084 085 086 087 
[    0.000000] pcpu-alloc: [0] 088 089 090 091 092 093 094 095 
[    0.000000] pcpu-alloc: [0] 096 097 098 099 100 101 102 103 
[    0.000000] pcpu-alloc: [0] 104 105 106 107 108 109 110 111 
[    0.000000] pcpu-alloc: [0] 112 113 114 115 116 117 118 119 
[    0.000000] pcpu-alloc: [0] 120 121 122 123 124 125 126 127 
[    0.000000] Built 1 zonelists in Node order, mobility grouping on.  Total pages: 380872
[    0.000000] Policy zone: DMA32
[    0.000000] Kernel command line: BOOT_IMAGE=/boot/vmlinuz-4.4.0-83-generic root=UUID=b85cd0c8-7287-43a0-a26b-21d8e4ba5713 ro net.ifnames=0 biosdevname=0 quiet
[    0.000000] log_buf_len individual max cpu contribution: 4096 bytes
[    0.000000] log_buf_len total cpu_extra contributions: 520192 bytes
[    0.000000] log_buf_len min size: 262144 bytes
[    0.000000] log_buf_len: 1048576 bytes
[    0.000000] early log buf free: 236632(90%)
[    0.000000] PID hash table entries: 4096 (order: 3, 32768 bytes)
[    0.000000] Calgary: detecting Calgary via BIOS EBDA area
[    0.000000] Calgary: Unable to locate Rio Grande table in EBDA - bailing!
[    0.000000] Memory: 1449252K/1547764K available (8469K kernel code, 1294K rwdata, 3984K rodata, 1488K init, 1316K bss, 98512K reserved, 0K cma-reserved)
[    0.000000] SLUB: HWalign=64, Order=0-3, MinObjects=0, CPUs=128, Nodes=1
[    0.000000] Hierarchical RCU implementation.
[    0.000000] 	Build-time adjustment of leaf fanout to 64.
[    0.000000] 	RCU restricting CPUs from NR_CPUS=512 to nr_cpu_ids=128.
[    0.000000] RCU: Adjusting geometry for rcu_fanout_leaf=64, nr_cpu_ids=128
[    0.000000] NR_IRQS:33024 nr_irqs:1448 16
[    0.000000] Console: colour VGA+ 80x25
[    0.000000] console [tty0] enabled
[    0.000000] clocksource: hpet: mask: 0xffffffff max_cycles: 0xffffffff, max_idle_ns: 133484882848 ns
[    0.000000] hpet clockevent registered
[    0.000000] TSC freq read from hypervisor : 2000.000 MHz
[    0.000000] tsc: Detected 2000.000 MHz processor
[    0.000176] Calibrating delay loop (skipped) preset value.. 4000.00 BogoMIPS (lpj=8000000)
[    0.000179] pid_max: default: 131072 minimum: 1024
[    0.000195] ACPI: Core revision 20150930
[    0.015910] ACPI: 1 ACPI AML tables successfully acquired and loaded
[    0.016002] Security Framework initialized
[    0.016004] Yama: becoming mindful.
[    0.016090] AppArmor: AppArmor initialized
[    0.016420] Dentry cache hash table entries: 262144 (order: 9, 2097152 bytes)
[    0.025215] Inode-cache hash table entries: 131072 (order: 8, 1048576 bytes)
[    0.032339] Mount-cache hash table entries: 4096 (order: 3, 32768 bytes)
[    0.032345] Mountpoint-cache hash table entries: 4096 (order: 3, 32768 bytes)
[    0.034225] Initializing cgroup subsys io
[    0.034229] Initializing cgroup subsys memory
[    0.034247] Initializing cgroup subsys devices
[    0.034249] Initializing cgroup subsys freezer
[    0.034251] Initializing cgroup subsys net_cls
[    0.034254] Initializing cgroup subsys perf_event
[    0.034260] Initializing cgroup subsys net_prio
[    0.034424] Initializing cgroup subsys hugetlb
[    0.034426] Initializing cgroup subsys pids
[    0.034518] Disabled fast string operations
[    0.034522] CPU: Physical Processor ID: 0
[    0.034531] ENERGY_PERF_BIAS: Set to 'normal', was 'performance'
[    0.034532] ENERGY_PERF_BIAS: View and update with x86_energy_perf_policy(8)
[    0.035676] mce: CPU supports 0 MCE banks
[    0.035700] Last level iTLB entries: 4KB 64, 2MB 8, 4MB 8
[    0.035702] Last level dTLB entries: 4KB 64, 2MB 0, 4MB 0, 1GB 4
[    0.060487] ftrace: allocating 32129 entries in 126 pages
[    0.095821] smpboot: APIC(0) Converting physical 0 to logical package 0
[    0.095824] smpboot: Max logical packages: 128
[    0.096845] x2apic enabled
[    0.097026] Switched APIC routing to physical x2apic.
[    0.097581] ..TIMER: vector=0x30 apic1=0 pin1=2 apic2=-1 pin2=-1
[    0.137338] TSC deadline timer enabled
[    0.137378] smpboot: CPU0: Intel(R) Core(TM) i3-5005U CPU @ 2.00GHz (family: 0x6, model: 0x3d, stepping: 0x4)
[    0.137404] Performance Events: 16-deep LBR, Broadwell events, core PMU driver.
[    0.137437] core: CPUID marked event: 'cpu cycles' unavailable
[    0.137438] core: CPUID marked event: 'instructions' unavailable
[    0.137439] core: CPUID marked event: 'bus cycles' unavailable
[    0.137440] core: CPUID marked event: 'cache references' unavailable
[    0.137441] core: CPUID marked event: 'cache misses' unavailable
[    0.137442] core: CPUID marked event: 'branch instructions' unavailable
[    0.137442] core: CPUID marked event: 'branch misses' unavailable
[    0.137446] ... version:                1
[    0.137446] ... bit width:              48
[    0.137447] ... generic registers:      4
[    0.137448] ... value mask:             0000ffffffffffff
[    0.137449] ... max period:             000000007fffffff
[    0.137450] ... fixed-purpose events:   0
[    0.137451] ... event mask:             000000000000000f
[    0.145388] NMI watchdog: disabled (cpu0): hardware events not enabled
[    0.145391] NMI watchdog: Shutting down hard lockup detector on all cpus
[    0.152837] x86: Booted up 1 node, 1 CPUs
[    0.152841] smpboot: Total of 1 processors activated (4000.00 BogoMIPS)
[    0.154230] devtmpfs: initialized
[    0.156433] evm: security.selinux
[    0.156435] evm: security.SMACK64
[    0.156435] evm: security.SMACK64EXEC
[    0.156436] evm: security.SMACK64TRANSMUTE
[    0.156437] evm: security.SMACK64MMAP
[    0.156438] evm: security.ima
[    0.156439] evm: security.capability
[    0.156587] PM: Registering ACPI NVS region [mem 0x5e6ff000-0x5e6fffff] (4096 bytes)
[    0.156740] clocksource: jiffies: mask: 0xffffffff max_cycles: 0xffffffff, max_idle_ns: 7645041785100000 ns
[    0.156890] futex hash table entries: 32768 (order: 9, 2097152 bytes)
[    0.168096] pinctrl core: initialized pinctrl subsystem
[    0.168605] RTC time: 10:48:46, date: 08/24/17
[    0.169420] NET: Registered protocol family 16
[    0.169706] cpuidle: using governor ladder
[    0.169710] cpuidle: using governor menu
[    0.169712] PCCT header not found.
[    0.169805] Simple Boot Flag at 0x36 set to 0x80
[    0.169865] ACPI: bus type PCI registered
[    0.169867] acpiphp: ACPI Hot Plug PCI Controller Driver version: 0.5
[    0.170303] PCI: MMCONFIG for domain 0000 [bus 00-7f] at [mem 0xf0000000-0xf7ffffff] (base 0xf0000000)
[    0.170306] PCI: MMCONFIG at [mem 0xf0000000-0xf7ffffff] reserved in E820
[    0.170312] PCI: Using configuration type 1 for base access
[    0.173740] ACPI: Added _OSI(Module Device)
[    0.173742] ACPI: Added _OSI(Processor Device)
[    0.173743] ACPI: Added _OSI(3.0 _SCP Extensions)
[    0.173745] ACPI: Added _OSI(Processor Aggregator Device)
[    0.183021] [Firmware Bug]: ACPI: BIOS _OSI(Linux) query ignored
[    0.198262] ACPI: Interpreter enabled
[    0.198276] ACPI: (supports S0 S1 S4 S5)
[    0.198278] ACPI: Using IOAPIC for interrupt routing
[    0.198303] PCI: Using host bridge windows from ACPI; if necessary, use "pci=nocrs" and report a bug
[    0.283868] ACPI: PCI Root Bridge [PCI0] (domain 0000 [bus 00-7f])
[    0.283878] acpi PNP0A03:00: _OSC: OS supports [ExtendedConfig ASPM ClockPM Segments MSI]
[    0.284090] acpi PNP0A03:00: _OSC: platform does not support [AER]
[    0.284291] acpi PNP0A03:00: _OSC: OS now controls [PCIeHotplug PME PCIeCapability]
[    0.286833] PCI host bridge to bus 0000:00
[    0.286843] pci_bus 0000:00: root bus resource [mem 0x000a0000-0x000bffff window]
[    0.286846] pci_bus 0000:00: root bus resource [mem 0x000d0000-0x000d3fff window]
[    0.286849] pci_bus 0000:00: root bus resource [mem 0x000d4000-0x000d7fff window]
[    0.286852] pci_bus 0000:00: root bus resource [mem 0x000d8000-0x000dbfff window]
[    0.286855] pci_bus 0000:00: root bus resource [mem 0xc0000000-0xfebfffff window]
[    0.286858] pci_bus 0000:00: root bus resource [io  0x0000-0x0cf7 window]
[    0.286860] pci_bus 0000:00: root bus resource [io  0x0d00-0xfeff window]
[    0.286864] pci_bus 0000:00: root bus resource [bus 00-7f]
[    0.286973] pci 0000:00:00.0: [8086:7190] type 00 class 0x060000
[    0.288054] pci 0000:00:01.0: [8086:7191] type 01 class 0x060400
[    0.289057] pci 0000:00:07.0: [8086:7110] type 00 class 0x060100
[    0.290297] pci 0000:00:07.1: [8086:7111] type 00 class 0x01018a
[    0.292724] pci 0000:00:07.1: reg 0x20: [io  0x1060-0x106f]
[    0.293456] pci 0000:00:07.1: legacy IDE quirk: reg 0x10: [io  0x01f0-0x01f7]
[    0.293457] pci 0000:00:07.1: legacy IDE quirk: reg 0x14: [io  0x03f6]
[    0.293459] pci 0000:00:07.1: legacy IDE quirk: reg 0x18: [io  0x0170-0x0177]
[    0.293460] pci 0000:00:07.1: legacy IDE quirk: reg 0x1c: [io  0x0376]
[    0.293794] pci 0000:00:07.3: [8086:7113] type 00 class 0x068000
[    0.295733] pci 0000:00:07.3: quirk: [io  0x1000-0x103f] claimed by PIIX4 ACPI
[    0.295748] pci 0000:00:07.3: quirk: [io  0x1040-0x104f] claimed by PIIX4 SMB
[    0.296319] pci 0000:00:07.7: [15ad:0740] type 00 class 0x088000
[    0.297147] pci 0000:00:07.7: reg 0x10: [io  0x1080-0x10bf]
[    0.297815] pci 0000:00:07.7: reg 0x14: [mem 0xfebfe000-0xfebfffff 64bit]
[    0.300793] pci 0000:00:0f.0: [15ad:0405] type 00 class 0x030000
[    0.302737] pci 0000:00:0f.0: reg 0x10: [io  0x1070-0x107f]
[    0.304495] pci 0000:00:0f.0: reg 0x14: [mem 0xe8000000-0xefffffff pref]
[    0.306246] pci 0000:00:0f.0: reg 0x18: [mem 0xfe000000-0xfe7fffff]
[    0.313260] pci 0000:00:0f.0: reg 0x30: [mem 0x00000000-0x00007fff pref]
[    0.313711] pci 0000:00:10.0: [1000:0030] type 00 class 0x010000
[    0.314767] pci 0000:00:10.0: reg 0x10: [io  0x1400-0x14ff]
[    0.315736] pci 0000:00:10.0: reg 0x14: [mem 0xfeba0000-0xfebbffff 64bit]
[    0.316707] pci 0000:00:10.0: reg 0x1c: [mem 0xfebc0000-0xfebdffff 64bit]
[    0.318564] pci 0000:00:10.0: reg 0x30: [mem 0x00000000-0x00003fff pref]
[    0.319052] pci 0000:00:11.0: [15ad:0790] type 01 class 0x060401
[    0.319713] pci 0000:00:11.0: System wakeup disabled by ACPI
[    0.319943] pci 0000:00:15.0: [15ad:07a0] type 01 class 0x060400
[    0.320709] pci 0000:00:15.0: PME# supported from D0 D3hot D3cold
[    0.320908] pci 0000:00:15.0: System wakeup disabled by ACPI
[    0.321053] pci 0000:00:15.1: [15ad:07a0] type 01 class 0x060400
[    0.321853] pci 0000:00:15.1: PME# supported from D0 D3hot D3cold
[    0.322070] pci 0000:00:15.1: System wakeup disabled by ACPI
[    0.322273] pci 0000:00:15.2: [15ad:07a0] type 01 class 0x060400
[    0.323053] pci 0000:00:15.2: PME# supported from D0 D3hot D3cold
[    0.323321] pci 0000:00:15.2: System wakeup disabled by ACPI
[    0.323584] pci 0000:00:15.3: [15ad:07a0] type 01 class 0x060400
[    0.324349] pci 0000:00:15.3: PME# supported from D0 D3hot D3cold
[    0.324549] pci 0000:00:15.3: System wakeup disabled by ACPI
[    0.324857] pci 0000:00:15.4: [15ad:07a0] type 01 class 0x060400
[    0.325618] pci 0000:00:15.4: PME# supported from D0 D3hot D3cold
[    0.325816] pci 0000:00:15.4: System wakeup disabled by ACPI
[    0.326005] pci 0000:00:15.5: [15ad:07a0] type 01 class 0x060400
[    0.326766] pci 0000:00:15.5: PME# supported from D0 D3hot D3cold
[    0.327001] pci 0000:00:15.5: System wakeup disabled by ACPI
[    0.327190] pci 0000:00:15.6: [15ad:07a0] type 01 class 0x060400
[    0.327966] pci 0000:00:15.6: PME# supported from D0 D3hot D3cold
[    0.328163] pci 0000:00:15.6: System wakeup disabled by ACPI
[    0.328308] pci 0000:00:15.7: [15ad:07a0] type 01 class 0x060400
[    0.329510] pci 0000:00:15.7: PME# supported from D0 D3hot D3cold
[    0.329709] pci 0000:00:15.7: System wakeup disabled by ACPI
[    0.329902] pci 0000:00:16.0: [15ad:07a0] type 01 class 0x060400
[    0.330665] pci 0000:00:16.0: PME# supported from D0 D3hot D3cold
[    0.330862] pci 0000:00:16.0: System wakeup disabled by ACPI
[    0.331093] pci 0000:00:16.1: [15ad:07a0] type 01 class 0x060400
[    0.331873] pci 0000:00:16.1: PME# supported from D0 D3hot D3cold
[    0.332073] pci 0000:00:16.1: System wakeup disabled by ACPI
[    0.332218] pci 0000:00:16.2: [15ad:07a0] type 01 class 0x060400
[    0.332981] pci 0000:00:16.2: PME# supported from D0 D3hot D3cold
[    0.333178] pci 0000:00:16.2: System wakeup disabled by ACPI
[    0.333368] pci 0000:00:16.3: [15ad:07a0] type 01 class 0x060400
[    0.334130] pci 0000:00:16.3: PME# supported from D0 D3hot D3cold
[    0.334328] pci 0000:00:16.3: System wakeup disabled by ACPI
[    0.334698] pci 0000:00:16.4: [15ad:07a0] type 01 class 0x060400
[    0.335489] pci 0000:00:16.4: PME# supported from D0 D3hot D3cold
[    0.335690] pci 0000:00:16.4: System wakeup disabled by ACPI
[    0.335835] pci 0000:00:16.5: [15ad:07a0] type 01 class 0x060400
[    0.336598] pci 0000:00:16.5: PME# supported from D0 D3hot D3cold
[    0.336795] pci 0000:00:16.5: System wakeup disabled by ACPI
[    0.336985] pci 0000:00:16.6: [15ad:07a0] type 01 class 0x060400
[    0.337745] pci 0000:00:16.6: PME# supported from D0 D3hot D3cold
[    0.337942] pci 0000:00:16.6: System wakeup disabled by ACPI
[    0.338085] pci 0000:00:16.7: [15ad:07a0] type 01 class 0x060400
[    0.338846] pci 0000:00:16.7: PME# supported from D0 D3hot D3cold
[    0.339124] pci 0000:00:16.7: System wakeup disabled by ACPI
[    0.339271] pci 0000:00:17.0: [15ad:07a0] type 01 class 0x060400
[    0.340034] pci 0000:00:17.0: PME# supported from D0 D3hot D3cold
[    0.340231] pci 0000:00:17.0: System wakeup disabled by ACPI
[    0.340420] pci 0000:00:17.1: [15ad:07a0] type 01 class 0x060400
[    0.341178] pci 0000:00:17.1: PME# supported from D0 D3hot D3cold
[    0.341376] pci 0000:00:17.1: System wakeup disabled by ACPI
[    0.341520] pci 0000:00:17.2: [15ad:07a0] type 01 class 0x060400
[    0.342282] pci 0000:00:17.2: PME# supported from D0 D3hot D3cold
[    0.342525] pci 0000:00:17.2: System wakeup disabled by ACPI
[    0.342668] pci 0000:00:17.3: [15ad:07a0] type 01 class 0x060400
[    0.343455] pci 0000:00:17.3: PME# supported from D0 D3hot D3cold
[    0.343654] pci 0000:00:17.3: System wakeup disabled by ACPI
[    0.344035] pci 0000:00:17.4: [15ad:07a0] type 01 class 0x060400
[    0.344799] pci 0000:00:17.4: PME# supported from D0 D3hot D3cold
[    0.344998] pci 0000:00:17.4: System wakeup disabled by ACPI
[    0.345142] pci 0000:00:17.5: [15ad:07a0] type 01 class 0x060400
[    0.345905] pci 0000:00:17.5: PME# supported from D0 D3hot D3cold
[    0.346171] pci 0000:00:17.5: System wakeup disabled by ACPI
[    0.346317] pci 0000:00:17.6: [15ad:07a0] type 01 class 0x060400
[    0.347091] pci 0000:00:17.6: PME# supported from D0 D3hot D3cold
[    0.347291] pci 0000:00:17.6: System wakeup disabled by ACPI
[    0.347481] pci 0000:00:17.7: [15ad:07a0] type 01 class 0x060400
[    0.348245] pci 0000:00:17.7: PME# supported from D0 D3hot D3cold
[    0.348444] pci 0000:00:17.7: System wakeup disabled by ACPI
[    0.348588] pci 0000:00:18.0: [15ad:07a0] type 01 class 0x060400
[    0.349350] pci 0000:00:18.0: PME# supported from D0 D3hot D3cold
[    0.349549] pci 0000:00:18.0: System wakeup disabled by ACPI
[    0.349738] pci 0000:00:18.1: [15ad:07a0] type 01 class 0x060400
[    0.350502] pci 0000:00:18.1: PME# supported from D0 D3hot D3cold
[    0.350724] pci 0000:00:18.1: System wakeup disabled by ACPI
[    0.350916] pci 0000:00:18.2: [15ad:07a0] type 01 class 0x060400
[    0.351688] pci 0000:00:18.2: PME# supported from D0 D3hot D3cold
[    0.351887] pci 0000:00:18.2: System wakeup disabled by ACPI
[    0.352031] pci 0000:00:18.3: [15ad:07a0] type 01 class 0x060400
[    0.352793] pci 0000:00:18.3: PME# supported from D0 D3hot D3cold
[    0.352990] pci 0000:00:18.3: System wakeup disabled by ACPI
[    0.353374] pci 0000:00:18.4: [15ad:07a0] type 01 class 0x060400
[    0.354137] pci 0000:00:18.4: PME# supported from D0 D3hot D3cold
[    0.354336] pci 0000:00:18.4: System wakeup disabled by ACPI
[    0.354526] pci 0000:00:18.5: [15ad:07a0] type 01 class 0x060400
[    0.355308] pci 0000:00:18.5: PME# supported from D0 D3hot D3cold
[    0.355507] pci 0000:00:18.5: System wakeup disabled by ACPI
[    0.355652] pci 0000:00:18.6: [15ad:07a0] type 01 class 0x060400
[    0.356414] pci 0000:00:18.6: PME# supported from D0 D3hot D3cold
[    0.356611] pci 0000:00:18.6: System wakeup disabled by ACPI
[    0.356802] pci 0000:00:18.7: [15ad:07a0] type 01 class 0x060400
[    0.357565] pci 0000:00:18.7: PME# supported from D0 D3hot D3cold
[    0.357762] pci 0000:00:18.7: System wakeup disabled by ACPI
[    0.358368] pci 0000:00:01.0: PCI bridge to [bus 01]
[    0.358972] acpiphp: Slot [32] registered
[    0.359001] acpiphp: Slot [33] registered
[    0.359035] acpiphp: Slot [34] registered
[    0.359061] acpiphp: Slot [35] registered
[    0.359130] acpiphp: Slot [36] registered
[    0.359179] acpiphp: Slot [37] registered
[    0.359206] acpiphp: Slot [38] registered
[    0.359230] acpiphp: Slot [39] registered
[    0.359254] acpiphp: Slot [40] registered
[    0.359277] acpiphp: Slot [41] registered
[    0.359301] acpiphp: Slot [42] registered
[    0.359324] acpiphp: Slot [43] registered
[    0.359348] acpiphp: Slot [44] registered
[    0.359372] acpiphp: Slot [45] registered
[    0.359395] acpiphp: Slot [46] registered
[    0.359418] acpiphp: Slot [47] registered
[    0.359442] acpiphp: Slot [48] registered
[    0.359535] acpiphp: Slot [49] registered
[    0.359561] acpiphp: Slot [50] registered
[    0.359585] acpiphp: Slot [51] registered
[    0.359609] acpiphp: Slot [52] registered
[    0.359632] acpiphp: Slot [53] registered
[    0.359656] acpiphp: Slot [54] registered
[    0.359679] acpiphp: Slot [55] registered
[    0.359702] acpiphp: Slot [56] registered
[    0.359726] acpiphp: Slot [57] registered
[    0.359749] acpiphp: Slot [58] registered
[    0.359773] acpiphp: Slot [59] registered
[    0.359796] acpiphp: Slot [60] registered
[    0.359819] acpiphp: Slot [61] registered
[    0.359842] acpiphp: Slot [62] registered
[    0.359935] acpiphp: Slot [63] registered
[    0.360020] pci 0000:02:00.0: [15ad:0774] type 00 class 0x0c0300
[    0.361552] pci 0000:02:00.0: reg 0x20: [io  0x2080-0x209f]
[    0.362463] pci 0000:02:00.0: System wakeup disabled by ACPI
[    0.362585] pci 0000:02:01.0: [8086:100f] type 00 class 0x020000
[    0.363745] pci 0000:02:01.0: reg 0x10: [mem 0xfd5c0000-0xfd5dffff 64bit]
[    0.364698] pci 0000:02:01.0: reg 0x18: [mem 0xfdff0000-0xfdffffff 64bit]
[    0.365602] pci 0000:02:01.0: reg 0x20: [io  0x2000-0x203f]
[    0.367440] pci 0000:02:01.0: reg 0x30: [mem 0x00000000-0x0000ffff pref]
[    0.367916] pci 0000:02:01.0: System wakeup disabled by ACPI
[    0.368123] pci 0000:02:02.0: [1274:1371] type 00 class 0x040100
[    0.368572] pci 0000:02:02.0: reg 0x10: [io  0x2040-0x207f]
[    0.370831] pci 0000:02:02.0: System wakeup disabled by ACPI
[    0.370987] pci 0000:02:03.0: [15ad:0770] type 00 class 0x0c0320
[    0.371535] pci 0000:02:03.0: reg 0x10: [mem 0xfd5ef000-0xfd5effff]
[    0.374263] pci 0000:02:03.0: System wakeup disabled by ACPI
[    0.374581] pci 0000:02:05.0: [15ad:07e0] type 00 class 0x010601
[    0.377219] pci 0000:02:05.0: reg 0x24: [mem 0xfd5ee000-0xfd5eefff]
[    0.377621] pci 0000:02:05.0: reg 0x30: [mem 0x00000000-0x0000ffff pref]
[    0.377937] pci 0000:02:05.0: PME# supported from D3hot
[    0.378104] pci 0000:02:05.0: System wakeup disabled by ACPI
[    0.378476] pci 0000:00:11.0: PCI bridge to [bus 02] (subtractive decode)
[    0.378500] pci 0000:00:11.0:   bridge window [io  0x2000-0x3fff]
[    0.378524] pci 0000:00:11.0:   bridge window [mem 0xfd500000-0xfdffffff]
[    0.378570] pci 0000:00:11.0:   bridge window [mem 0xe7b00000-0xe7ffffff 64bit pref]
[    0.378572] pci 0000:00:11.0:   bridge window [mem 0x000a0000-0x000bffff window] (subtractive decode)
[    0.378574] pci 0000:00:11.0:   bridge window [mem 0x000d0000-0x000d3fff window] (subtractive decode)
[    0.378575] pci 0000:00:11.0:   bridge window [mem 0x000d4000-0x000d7fff window] (subtractive decode)
[    0.378576] pci 0000:00:11.0:   bridge window [mem 0x000d8000-0x000dbfff window] (subtractive decode)
[    0.378578] pci 0000:00:11.0:   bridge window [mem 0xc0000000-0xfebfffff window] (subtractive decode)
[    0.378580] pci 0000:00:11.0:   bridge window [io  0x0000-0x0cf7 window] (subtractive decode)
[    0.378581] pci 0000:00:11.0:   bridge window [io  0x0d00-0xfeff window] (subtractive decode)
[    0.378968] pci 0000:00:15.0: PCI bridge to [bus 03]
[    0.378992] pci 0000:00:15.0:   bridge window [io  0x4000-0x4fff]
[    0.379016] pci 0000:00:15.0:   bridge window [mem 0xfd400000-0xfd4fffff]
[    0.379062] pci 0000:00:15.0:   bridge window [mem 0xe7a00000-0xe7afffff 64bit pref]
[    0.379479] pci 0000:00:15.1: PCI bridge to [bus 04]
[    0.379503] pci 0000:00:15.1:   bridge window [io  0x8000-0x8fff]
[    0.379527] pci 0000:00:15.1:   bridge window [mem 0xfd000000-0xfd0fffff]
[    0.379573] pci 0000:00:15.1:   bridge window [mem 0xe7600000-0xe76fffff 64bit pref]
[    0.379950] pci 0000:00:15.2: PCI bridge to [bus 05]
[    0.379974] pci 0000:00:15.2:   bridge window [io  0xc000-0xcfff]
[    0.379998] pci 0000:00:15.2:   bridge window [mem 0xfcc00000-0xfccfffff]
[    0.380043] pci 0000:00:15.2:   bridge window [mem 0xe7200000-0xe72fffff 64bit pref]
[    0.380406] pci 0000:00:15.3: PCI bridge to [bus 06]
[    0.380451] pci 0000:00:15.3:   bridge window [mem 0xfc800000-0xfc8fffff]
[    0.380497] pci 0000:00:15.3:   bridge window [mem 0xe6e00000-0xe6efffff 64bit pref]
[    0.380912] pci 0000:00:15.4: PCI bridge to [bus 07]
[    0.380957] pci 0000:00:15.4:   bridge window [mem 0xfc400000-0xfc4fffff]
[    0.381003] pci 0000:00:15.4:   bridge window [mem 0xe6a00000-0xe6afffff 64bit pref]
[    0.381412] pci 0000:00:15.5: PCI bridge to [bus 08]
[    0.381458] pci 0000:00:15.5:   bridge window [mem 0xfc000000-0xfc0fffff]
[    0.381503] pci 0000:00:15.5:   bridge window [mem 0xe6600000-0xe66fffff 64bit pref]
[    0.381924] pci 0000:00:15.6: PCI bridge to [bus 09]
[    0.381969] pci 0000:00:15.6:   bridge window [mem 0xfbc00000-0xfbcfffff]
[    0.382015] pci 0000:00:15.6:   bridge window [mem 0xe6200000-0xe62fffff 64bit pref]
[    0.382429] pci 0000:00:15.7: PCI bridge to [bus 0a]
[    0.382474] pci 0000:00:15.7:   bridge window [mem 0xfb800000-0xfb8fffff]
[    0.382519] pci 0000:00:15.7:   bridge window [mem 0xe5e00000-0xe5efffff 64bit pref]
[    0.382883] pci 0000:00:16.0: PCI bridge to [bus 0b]
[    0.382907] pci 0000:00:16.0:   bridge window [io  0x5000-0x5fff]
[    0.382931] pci 0000:00:16.0:   bridge window [mem 0xfd300000-0xfd3fffff]
[    0.382976] pci 0000:00:16.0:   bridge window [mem 0xe7900000-0xe79fffff 64bit pref]
[    0.383366] pci 0000:00:16.1: PCI bridge to [bus 0c]
[    0.383390] pci 0000:00:16.1:   bridge window [io  0x9000-0x9fff]
[    0.383414] pci 0000:00:16.1:   bridge window [mem 0xfcf00000-0xfcffffff]
[    0.383459] pci 0000:00:16.1:   bridge window [mem 0xe7500000-0xe75fffff 64bit pref]
[    0.383919] pci 0000:00:16.2: PCI bridge to [bus 0d]
[    0.383942] pci 0000:00:16.2:   bridge window [io  0xd000-0xdfff]
[    0.383966] pci 0000:00:16.2:   bridge window [mem 0xfcb00000-0xfcbfffff]
[    0.384012] pci 0000:00:16.2:   bridge window [mem 0xe7100000-0xe71fffff 64bit pref]
[    0.384377] pci 0000:00:16.3: PCI bridge to [bus 0e]
[    0.384423] pci 0000:00:16.3:   bridge window [mem 0xfc700000-0xfc7fffff]
[    0.384468] pci 0000:00:16.3:   bridge window [mem 0xe6d00000-0xe6dfffff 64bit pref]
[    0.385034] pci 0000:00:16.4: PCI bridge to [bus 0f]
[    0.385079] pci 0000:00:16.4:   bridge window [mem 0xfc300000-0xfc3fffff]
[    0.385125] pci 0000:00:16.4:   bridge window [mem 0xe6900000-0xe69fffff 64bit pref]
[    0.385542] pci 0000:00:16.5: PCI bridge to [bus 10]
[    0.385588] pci 0000:00:16.5:   bridge window [mem 0xfbf00000-0xfbffffff]
[    0.385633] pci 0000:00:16.5:   bridge window [mem 0xe6500000-0xe65fffff 64bit pref]
[    0.386059] pci 0000:00:16.6: PCI bridge to [bus 11]
[    0.386104] pci 0000:00:16.6:   bridge window [mem 0xfbb00000-0xfbbfffff]
[    0.386150] pci 0000:00:16.6:   bridge window [mem 0xe6100000-0xe61fffff 64bit pref]
[    0.386515] pci 0000:00:16.7: PCI bridge to [bus 12]
[    0.386560] pci 0000:00:16.7:   bridge window [mem 0xfb700000-0xfb7fffff]
[    0.386605] pci 0000:00:16.7:   bridge window [mem 0xe5d00000-0xe5dfffff 64bit pref]
[    0.387016] pci 0000:00:17.0: PCI bridge to [bus 13]
[    0.387040] pci 0000:00:17.0:   bridge window [io  0x6000-0x6fff]
[    0.387064] pci 0000:00:17.0:   bridge window [mem 0xfd200000-0xfd2fffff]
[    0.387109] pci 0000:00:17.0:   bridge window [mem 0xe7800000-0xe78fffff 64bit pref]
[    0.387473] pci 0000:00:17.1: PCI bridge to [bus 14]
[    0.387496] pci 0000:00:17.1:   bridge window [io  0xa000-0xafff]
[    0.387520] pci 0000:00:17.1:   bridge window [mem 0xfce00000-0xfcefffff]
[    0.387565] pci 0000:00:17.1:   bridge window [mem 0xe7400000-0xe74fffff 64bit pref]
[    0.387939] pci 0000:00:17.2: PCI bridge to [bus 15]
[    0.387963] pci 0000:00:17.2:   bridge window [io  0xe000-0xefff]
[    0.387987] pci 0000:00:17.2:   bridge window [mem 0xfca00000-0xfcafffff]
[    0.388032] pci 0000:00:17.2:   bridge window [mem 0xe7000000-0xe70fffff 64bit pref]
[    0.388443] pci 0000:00:17.3: PCI bridge to [bus 16]
[    0.388489] pci 0000:00:17.3:   bridge window [mem 0xfc600000-0xfc6fffff]
[    0.388534] pci 0000:00:17.3:   bridge window [mem 0xe6c00000-0xe6cfffff 64bit pref]
[    0.388899] pci 0000:00:17.4: PCI bridge to [bus 17]
[    0.388944] pci 0000:00:17.4:   bridge window [mem 0xfc200000-0xfc2fffff]
[    0.388989] pci 0000:00:17.4:   bridge window [mem 0xe6800000-0xe68fffff 64bit pref]
[    0.389353] pci 0000:00:17.5: PCI bridge to [bus 18]
[    0.389398] pci 0000:00:17.5:   bridge window [mem 0xfbe00000-0xfbefffff]
[    0.389444] pci 0000:00:17.5:   bridge window [mem 0xe6400000-0xe64fffff 64bit pref]
[    0.389858] pci 0000:00:17.6: PCI bridge to [bus 19]
[    0.389904] pci 0000:00:17.6:   bridge window [mem 0xfba00000-0xfbafffff]
[    0.389950] pci 0000:00:17.6:   bridge window [mem 0xe6000000-0xe60fffff 64bit pref]
[    0.390315] pci 0000:00:17.7: PCI bridge to [bus 1a]
[    0.390360] pci 0000:00:17.7:   bridge window [mem 0xfb600000-0xfb6fffff]
[    0.390405] pci 0000:00:17.7:   bridge window [mem 0xe5c00000-0xe5cfffff 64bit pref]
[    0.390769] pci 0000:00:18.0: PCI bridge to [bus 1b]
[    0.390792] pci 0000:00:18.0:   bridge window [io  0x7000-0x7fff]
[    0.390816] pci 0000:00:18.0:   bridge window [mem 0xfd100000-0xfd1fffff]
[    0.390861] pci 0000:00:18.0:   bridge window [mem 0xe7700000-0xe77fffff 64bit pref]
[    0.391305] pci 0000:00:18.1: PCI bridge to [bus 1c]
[    0.391329] pci 0000:00:18.1:   bridge window [io  0xb000-0xbfff]
[    0.391353] pci 0000:00:18.1:   bridge window [mem 0xfcd00000-0xfcdfffff]
[    0.391398] pci 0000:00:18.1:   bridge window [mem 0xe7300000-0xe73fffff 64bit pref]
[    0.391773] pci 0000:00:18.2: PCI bridge to [bus 1d]
[    0.391819] pci 0000:00:18.2:   bridge window [mem 0xfc900000-0xfc9fffff]
[    0.391864] pci 0000:00:18.2:   bridge window [mem 0xe6f00000-0xe6ffffff 64bit pref]
[    0.392228] pci 0000:00:18.3: PCI bridge to [bus 1e]
[    0.392274] pci 0000:00:18.3:   bridge window [mem 0xfc500000-0xfc5fffff]
[    0.392319] pci 0000:00:18.3:   bridge window [mem 0xe6b00000-0xe6bfffff 64bit pref]
[    0.392942] pci 0000:00:18.4: PCI bridge to [bus 1f]
[    0.392988] pci 0000:00:18.4:   bridge window [mem 0xfc100000-0xfc1fffff]
[    0.393033] pci 0000:00:18.4:   bridge window [mem 0xe6700000-0xe67fffff 64bit pref]
[    0.393399] pci 0000:00:18.5: PCI bridge to [bus 20]
[    0.393445] pci 0000:00:18.5:   bridge window [mem 0xfbd00000-0xfbdfffff]
[    0.393490] pci 0000:00:18.5:   bridge window [mem 0xe6300000-0xe63fffff 64bit pref]
[    0.393882] pci 0000:00:18.6: PCI bridge to [bus 21]
[    0.393927] pci 0000:00:18.6:   bridge window [mem 0xfb900000-0xfb9fffff]
[    0.393972] pci 0000:00:18.6:   bridge window [mem 0xe5f00000-0xe5ffffff 64bit pref]
[    0.394390] pci 0000:00:18.7: PCI bridge to [bus 22]
[    0.394435] pci 0000:00:18.7:   bridge window [mem 0xfb500000-0xfb5fffff]
[    0.394481] pci 0000:00:18.7:   bridge window [mem 0xe5b00000-0xe5bfffff 64bit pref]
[    0.397138] ACPI: PCI Interrupt Link [LNKA] (IRQs 3 4 5 6 7 *9 10 11 14 15)
[    0.397229] ACPI: PCI Interrupt Link [LNKB] (IRQs 3 4 5 6 7 9 10 *11 14 15)
[    0.397313] ACPI: PCI Interrupt Link [LNKC] (IRQs 3 4 5 6 7 9 *10 11 14 15)
[    0.397395] ACPI: PCI Interrupt Link [LNKD] (IRQs 3 4 *5 6 7 9 10 11 14 15)
[    0.410296] ACPI: Enabled 2 GPEs in block 00 to 0F
[    0.410669] vgaarb: setting as boot device: PCI:0000:00:0f.0
[    0.410672] vgaarb: device added: PCI:0000:00:0f.0,decodes=io+mem,owns=io+mem,locks=none
[    0.410679] vgaarb: loaded
[    0.410680] vgaarb: bridge control possible 0000:00:0f.0
[    0.411132] SCSI subsystem initialized
[    0.411278] libata version 3.00 loaded.
[    0.411305] ACPI: bus type USB registered
[    0.411322] usbcore: registered new interface driver usbfs
[    0.411330] usbcore: registered new interface driver hub
[    0.411414] usbcore: registered new device driver usb
[    0.412363] PCI: Using ACPI for IRQ routing
[    0.443726] PCI: pci_cache_line_size set to 64 bytes
[    0.444790] e820: reserve RAM buffer [mem 0x0009e800-0x0009ffff]
[    0.444792] e820: reserve RAM buffer [mem 0x5e6e0000-0x5fffffff]
[    0.444793] e820: reserve RAM buffer [mem 0x5e800000-0x5fffffff]
[    0.444999] NetLabel: Initializing
[    0.445000] NetLabel:  domain hash size = 128
[    0.445001] NetLabel:  protocols = UNLABELED CIPSOv4
[    0.445010] NetLabel:  unlabeled traffic allowed by default
[    0.445231] hpet0: at MMIO 0xfed00000, IRQs 2, 8, 0, 0, 0, 0, 0, 0, 0, 0, 0, 0, 0, 0, 0, 0
[    0.445239] hpet0: 16 comparators, 64-bit 14.318180 MHz counter
[    0.448348] amd_nb: Cannot enumerate AMD northbridges
[    0.448391] clocksource: Switched to clocksource hpet
[    0.491593] AppArmor: AppArmor Filesystem Enabled
[    0.491670] pnp: PnP ACPI init
[    0.491899] system 00:00: [io  0x1000-0x103f] could not be reserved
[    0.491902] system 00:00: [io  0x1040-0x104f] has been reserved
[    0.491905] system 00:00: [io  0x0cf0-0x0cf1] has been reserved
[    0.491909] system 00:00: Plug and Play ACPI device, IDs PNP0c02 (active)
[    0.492047] pnp 00:01: Plug and Play ACPI device, IDs PNP0b00 (active)
[    0.492073] pnp 00:02: Plug and Play ACPI device, IDs PNP0303 (active)
[    0.492141] pnp 00:03: Plug and Play ACPI device, IDs VMW0003 PNP0f13 (active)
[    0.492420] system 00:04: [mem 0xfed00000-0xfed003ff] has been reserved
[    0.492423] system 00:04: Plug and Play ACPI device, IDs PNP0103 PNP0c01 (active)
[    0.494451] pnp 00:05: Plug and Play ACPI device, IDs PNP0400 (active)
[    0.494685] pnp 00:06: Plug and Play ACPI device, IDs PNP0501 (active)
[    0.494953] pnp 00:07: Plug and Play ACPI device, IDs PNP0501 (active)
[    0.495331] system 00:08: [io  0xfce0-0xfcff] has been reserved
[    0.495335] system 00:08: [mem 0xf0000000-0xf7ffffff] has been reserved
[    0.495337] system 00:08: [mem 0xfe800000-0xfe9fffff] has been reserved
[    0.495340] system 00:08: Plug and Play ACPI device, IDs PNP0c02 (active)
[    0.501150] pnp: PnP ACPI: found 9 devices
[    0.508925] clocksource: acpi_pm: mask: 0xffffff max_cycles: 0xffffff, max_idle_ns: 2085701024 ns
[    0.509315] pci 0000:00:15.3: bridge window [io  0x1000-0x0fff] to [bus 06] add_size 1000
[    0.509383] pci 0000:00:15.4: bridge window [io  0x1000-0x0fff] to [bus 07] add_size 1000
[    0.509451] pci 0000:00:15.5: bridge window [io  0x1000-0x0fff] to [bus 08] add_size 1000
[    0.509518] pci 0000:00:15.6: bridge window [io  0x1000-0x0fff] to [bus 09] add_size 1000
[    0.509585] pci 0000:00:15.7: bridge window [io  0x1000-0x0fff] to [bus 0a] add_size 1000
[    0.509847] pci 0000:00:16.3: bridge window [io  0x1000-0x0fff] to [bus 0e] add_size 1000
[    0.509914] pci 0000:00:16.4: bridge window [io  0x1000-0x0fff] to [bus 0f] add_size 1000
[    0.509982] pci 0000:00:16.5: bridge window [io  0x1000-0x0fff] to [bus 10] add_size 1000
[    0.510049] pci 0000:00:16.6: bridge window [io  0x1000-0x0fff] to [bus 11] add_size 1000
[    0.510116] pci 0000:00:16.7: bridge window [io  0x1000-0x0fff] to [bus 12] add_size 1000
[    0.510377] pci 0000:00:17.3: bridge window [io  0x1000-0x0fff] to [bus 16] add_size 1000
[    0.510445] pci 0000:00:17.4: bridge window [io  0x1000-0x0fff] to [bus 17] add_size 1000
[    0.510514] pci 0000:00:17.5: bridge window [io  0x1000-0x0fff] to [bus 18] add_size 1000
[    0.510581] pci 0000:00:17.6: bridge window [io  0x1000-0x0fff] to [bus 19] add_size 1000
[    0.510649] pci 0000:00:17.7: bridge window [io  0x1000-0x0fff] to [bus 1a] add_size 1000
[    0.510846] pci 0000:00:18.2: bridge window [io  0x1000-0x0fff] to [bus 1d] add_size 1000
[    0.510913] pci 0000:00:18.3: bridge window [io  0x1000-0x0fff] to [bus 1e] add_size 1000
[    0.510980] pci 0000:00:18.4: bridge window [io  0x1000-0x0fff] to [bus 1f] add_size 1000
[    0.511075] pci 0000:00:18.5: bridge window [io  0x1000-0x0fff] to [bus 20] add_size 1000
[    0.511144] pci 0000:00:18.6: bridge window [io  0x1000-0x0fff] to [bus 21] add_size 1000
[    0.511211] pci 0000:00:18.7: bridge window [io  0x1000-0x0fff] to [bus 22] add_size 1000
[    0.511271] pci 0000:00:15.3: res[13]=[io  0x1000-0x0fff] res_to_dev_res add_size 1000 min_align 1000
[    0.511273] pci 0000:00:15.3: res[13]=[io  0x1000-0x1fff] res_to_dev_res add_size 1000 min_align 1000
[    0.511275] pci 0000:00:15.4: res[13]=[io  0x1000-0x0fff] res_to_dev_res add_size 1000 min_align 1000
[    0.511276] pci 0000:00:15.4: res[13]=[io  0x1000-0x1fff] res_to_dev_res add_size 1000 min_align 1000
[    0.511278] pci 0000:00:15.5: res[13]=[io  0x1000-0x0fff] res_to_dev_res add_size 1000 min_align 1000
[    0.511279] pci 0000:00:15.5: res[13]=[io  0x1000-0x1fff] res_to_dev_res add_size 1000 min_align 1000
[    0.511281] pci 0000:00:15.6: res[13]=[io  0x1000-0x0fff] res_to_dev_res add_size 1000 min_align 1000
[    0.511282] pci 0000:00:15.6: res[13]=[io  0x1000-0x1fff] res_to_dev_res add_size 1000 min_align 1000
[    0.511284] pci 0000:00:15.7: res[13]=[io  0x1000-0x0fff] res_to_dev_res add_size 1000 min_align 1000
[    0.511285] pci 0000:00:15.7: res[13]=[io  0x1000-0x1fff] res_to_dev_res add_size 1000 min_align 1000
[    0.511287] pci 0000:00:16.3: res[13]=[io  0x1000-0x0fff] res_to_dev_res add_size 1000 min_align 1000
[    0.511288] pci 0000:00:16.3: res[13]=[io  0x1000-0x1fff] res_to_dev_res add_size 1000 min_align 1000
[    0.511290] pci 0000:00:16.4: res[13]=[io  0x1000-0x0fff] res_to_dev_res add_size 1000 min_align 1000
[    0.511291] pci 0000:00:16.4: res[13]=[io  0x1000-0x1fff] res_to_dev_res add_size 1000 min_align 1000
[    0.511293] pci 0000:00:16.5: res[13]=[io  0x1000-0x0fff] res_to_dev_res add_size 1000 min_align 1000
[    0.511294] pci 0000:00:16.5: res[13]=[io  0x1000-0x1fff] res_to_dev_res add_size 1000 min_align 1000
[    0.511296] pci 0000:00:16.6: res[13]=[io  0x1000-0x0fff] res_to_dev_res add_size 1000 min_align 1000
[    0.511297] pci 0000:00:16.6: res[13]=[io  0x1000-0x1fff] res_to_dev_res add_size 1000 min_align 1000
[    0.511299] pci 0000:00:16.7: res[13]=[io  0x1000-0x0fff] res_to_dev_res add_size 1000 min_align 1000
[    0.511300] pci 0000:00:16.7: res[13]=[io  0x1000-0x1fff] res_to_dev_res add_size 1000 min_align 1000
[    0.511302] pci 0000:00:17.3: res[13]=[io  0x1000-0x0fff] res_to_dev_res add_size 1000 min_align 1000
[    0.511303] pci 0000:00:17.3: res[13]=[io  0x1000-0x1fff] res_to_dev_res add_size 1000 min_align 1000
[    0.511305] pci 0000:00:17.4: res[13]=[io  0x1000-0x0fff] res_to_dev_res add_size 1000 min_align 1000
[    0.511306] pci 0000:00:17.4: res[13]=[io  0x1000-0x1fff] res_to_dev_res add_size 1000 min_align 1000
[    0.511308] pci 0000:00:17.5: res[13]=[io  0x1000-0x0fff] res_to_dev_res add_size 1000 min_align 1000
[    0.511309] pci 0000:00:17.5: res[13]=[io  0x1000-0x1fff] res_to_dev_res add_size 1000 min_align 1000
[    0.511311] pci 0000:00:17.6: res[13]=[io  0x1000-0x0fff] res_to_dev_res add_size 1000 min_align 1000
[    0.511312] pci 0000:00:17.6: res[13]=[io  0x1000-0x1fff] res_to_dev_res add_size 1000 min_align 1000
[    0.511314] pci 0000:00:17.7: res[13]=[io  0x1000-0x0fff] res_to_dev_res add_size 1000 min_align 1000
[    0.511315] pci 0000:00:17.7: res[13]=[io  0x1000-0x1fff] res_to_dev_res add_size 1000 min_align 1000
[    0.511317] pci 0000:00:18.2: res[13]=[io  0x1000-0x0fff] res_to_dev_res add_size 1000 min_align 1000
[    0.511318] pci 0000:00:18.2: res[13]=[io  0x1000-0x1fff] res_to_dev_res add_size 1000 min_align 1000
[    0.511319] pci 0000:00:18.3: res[13]=[io  0x1000-0x0fff] res_to_dev_res add_size 1000 min_align 1000
[    0.511321] pci 0000:00:18.3: res[13]=[io  0x1000-0x1fff] res_to_dev_res add_size 1000 min_align 1000
[    0.511322] pci 0000:00:18.4: res[13]=[io  0x1000-0x0fff] res_to_dev_res add_size 1000 min_align 1000
[    0.511324] pci 0000:00:18.4: res[13]=[io  0x1000-0x1fff] res_to_dev_res add_size 1000 min_align 1000
[    0.511325] pci 0000:00:18.5: res[13]=[io  0x1000-0x0fff] res_to_dev_res add_size 1000 min_align 1000
[    0.511327] pci 0000:00:18.5: res[13]=[io  0x1000-0x1fff] res_to_dev_res add_size 1000 min_align 1000
[    0.511328] pci 0000:00:18.6: res[13]=[io  0x1000-0x0fff] res_to_dev_res add_size 1000 min_align 1000
[    0.511330] pci 0000:00:18.6: res[13]=[io  0x1000-0x1fff] res_to_dev_res add_size 1000 min_align 1000
[    0.511331] pci 0000:00:18.7: res[13]=[io  0x1000-0x0fff] res_to_dev_res add_size 1000 min_align 1000
[    0.511333] pci 0000:00:18.7: res[13]=[io  0x1000-0x1fff] res_to_dev_res add_size 1000 min_align 1000
[    0.511338] pci 0000:00:0f.0: BAR 6: assigned [mem 0xc0000000-0xc0007fff pref]
[    0.511341] pci 0000:00:10.0: BAR 6: assigned [mem 0xc0008000-0xc000bfff pref]
[    0.511345] pci 0000:00:15.3: BAR 13: no space for [io  size 0x1000]
[    0.511347] pci 0000:00:15.3: BAR 13: failed to assign [io  size 0x1000]
[    0.511349] pci 0000:00:15.4: BAR 13: no space for [io  size 0x1000]
[    0.511351] pci 0000:00:15.4: BAR 13: failed to assign [io  size 0x1000]
[    0.511353] pci 0000:00:15.5: BAR 13: no space for [io  size 0x1000]
[    0.511354] pci 0000:00:15.5: BAR 13: failed to assign [io  size 0x1000]
[    0.511356] pci 0000:00:15.6: BAR 13: no space for [io  size 0x1000]
[    0.511357] pci 0000:00:15.6: BAR 13: failed to assign [io  size 0x1000]
[    0.511359] pci 0000:00:15.7: BAR 13: no space for [io  size 0x1000]
[    0.511361] pci 0000:00:15.7: BAR 13: failed to assign [io  size 0x1000]
[    0.511363] pci 0000:00:16.3: BAR 13: no space for [io  size 0x1000]
[    0.511364] pci 0000:00:16.3: BAR 13: failed to assign [io  size 0x1000]
[    0.511366] pci 0000:00:16.4: BAR 13: no space for [io  size 0x1000]
[    0.511367] pci 0000:00:16.4: BAR 13: failed to assign [io  size 0x1000]
[    0.511369] pci 0000:00:16.5: BAR 13: no space for [io  size 0x1000]
[    0.511370] pci 0000:00:16.5: BAR 13: failed to assign [io  size 0x1000]
[    0.511372] pci 0000:00:16.6: BAR 13: no space for [io  size 0x1000]
[    0.511374] pci 0000:00:16.6: BAR 13: failed to assign [io  size 0x1000]
[    0.511375] pci 0000:00:16.7: BAR 13: no space for [io  size 0x1000]
[    0.511377] pci 0000:00:16.7: BAR 13: failed to assign [io  size 0x1000]
[    0.511379] pci 0000:00:17.3: BAR 13: no space for [io  size 0x1000]
[    0.511380] pci 0000:00:17.3: BAR 13: failed to assign [io  size 0x1000]
[    0.511382] pci 0000:00:17.4: BAR 13: no space for [io  size 0x1000]
[    0.511383] pci 0000:00:17.4: BAR 13: failed to assign [io  size 0x1000]
[    0.511385] pci 0000:00:17.5: BAR 13: no space for [io  size 0x1000]
[    0.511386] pci 0000:00:17.5: BAR 13: failed to assign [io  size 0x1000]
[    0.511388] pci 0000:00:17.6: BAR 13: no space for [io  size 0x1000]
[    0.511390] pci 0000:00:17.6: BAR 13: failed to assign [io  size 0x1000]
[    0.511392] pci 0000:00:17.7: BAR 13: no space for [io  size 0x1000]
[    0.511393] pci 0000:00:17.7: BAR 13: failed to assign [io  size 0x1000]
[    0.511395] pci 0000:00:18.2: BAR 13: no space for [io  size 0x1000]
[    0.511396] pci 0000:00:18.2: BAR 13: failed to assign [io  size 0x1000]
[    0.511398] pci 0000:00:18.3: BAR 13: no space for [io  size 0x1000]
[    0.511399] pci 0000:00:18.3: BAR 13: failed to assign [io  size 0x1000]
[    0.511401] pci 0000:00:18.4: BAR 13: no space for [io  size 0x1000]
[    0.511403] pci 0000:00:18.4: BAR 13: failed to assign [io  size 0x1000]
[    0.511405] pci 0000:00:18.5: BAR 13: no space for [io  size 0x1000]
[    0.511406] pci 0000:00:18.5: BAR 13: failed to assign [io  size 0x1000]
[    0.511408] pci 0000:00:18.6: BAR 13: no space for [io  size 0x1000]
[    0.511409] pci 0000:00:18.6: BAR 13: failed to assign [io  size 0x1000]
[    0.511411] pci 0000:00:18.7: BAR 13: no space for [io  size 0x1000]
[    0.511412] pci 0000:00:18.7: BAR 13: failed to assign [io  size 0x1000]
[    0.511418] pci 0000:00:18.7: BAR 13: no space for [io  size 0x1000]
[    0.511419] pci 0000:00:18.7: BAR 13: failed to assign [io  size 0x1000]
[    0.511421] pci 0000:00:18.6: BAR 13: no space for [io  size 0x1000]
[    0.511422] pci 0000:00:18.6: BAR 13: failed to assign [io  size 0x1000]
[    0.511424] pci 0000:00:18.5: BAR 13: no space for [io  size 0x1000]
[    0.511426] pci 0000:00:18.5: BAR 13: failed to assign [io  size 0x1000]
[    0.511428] pci 0000:00:18.4: BAR 13: no space for [io  size 0x1000]
[    0.511429] pci 0000:00:18.4: BAR 13: failed to assign [io  size 0x1000]
[    0.511431] pci 0000:00:18.3: BAR 13: no space for [io  size 0x1000]
[    0.511432] pci 0000:00:18.3: BAR 13: failed to assign [io  size 0x1000]
[    0.511434] pci 0000:00:18.2: BAR 13: no space for [io  size 0x1000]
[    0.511436] pci 0000:00:18.2: BAR 13: failed to assign [io  size 0x1000]
[    0.511438] pci 0000:00:17.7: BAR 13: no space for [io  size 0x1000]
[    0.511439] pci 0000:00:17.7: BAR 13: failed to assign [io  size 0x1000]
[    0.511441] pci 0000:00:17.6: BAR 13: no space for [io  size 0x1000]
[    0.511442] pci 0000:00:17.6: BAR 13: failed to assign [io  size 0x1000]
[    0.511444] pci 0000:00:17.5: BAR 13: no space for [io  size 0x1000]
[    0.511445] pci 0000:00:17.5: BAR 13: failed to assign [io  size 0x1000]
[    0.511447] pci 0000:00:17.4: BAR 13: no space for [io  size 0x1000]
[    0.511449] pci 0000:00:17.4: BAR 13: failed to assign [io  size 0x1000]
[    0.511451] pci 0000:00:17.3: BAR 13: no space for [io  size 0x1000]
[    0.511452] pci 0000:00:17.3: BAR 13: failed to assign [io  size 0x1000]
[    0.511454] pci 0000:00:16.7: BAR 13: no space for [io  size 0x1000]
[    0.511455] pci 0000:00:16.7: BAR 13: failed to assign [io  size 0x1000]
[    0.511457] pci 0000:00:16.6: BAR 13: no space for [io  size 0x1000]
[    0.511459] pci 0000:00:16.6: BAR 13: failed to assign [io  size 0x1000]
[    0.511461] pci 0000:00:16.5: BAR 13: no space for [io  size 0x1000]
[    0.511462] pci 0000:00:16.5: BAR 13: failed to assign [io  size 0x1000]
[    0.511464] pci 0000:00:16.4: BAR 13: no space for [io  size 0x1000]
[    0.511465] pci 0000:00:16.4: BAR 13: failed to assign [io  size 0x1000]
[    0.511467] pci 0000:00:16.3: BAR 13: no space for [io  size 0x1000]
[    0.511468] pci 0000:00:16.3: BAR 13: failed to assign [io  size 0x1000]
[    0.511470] pci 0000:00:15.7: BAR 13: no space for [io  size 0x1000]
[    0.511472] pci 0000:00:15.7: BAR 13: failed to assign [io  size 0x1000]
[    0.511474] pci 0000:00:15.6: BAR 13: no space for [io  size 0x1000]
[    0.511475] pci 0000:00:15.6: BAR 13: failed to assign [io  size 0x1000]
[    0.511477] pci 0000:00:15.5: BAR 13: no space for [io  size 0x1000]
[    0.511478] pci 0000:00:15.5: BAR 13: failed to assign [io  size 0x1000]
[    0.511480] pci 0000:00:15.4: BAR 13: no space for [io  size 0x1000]
[    0.511482] pci 0000:00:15.4: BAR 13: failed to assign [io  size 0x1000]
[    0.511484] pci 0000:00:15.3: BAR 13: no space for [io  size 0x1000]
[    0.511485] pci 0000:00:15.3: BAR 13: failed to assign [io  size 0x1000]
[    0.511488] pci 0000:00:01.0: PCI bridge to [bus 01]
[    0.511595] pci 0000:02:01.0: BAR 6: assigned [mem 0xfd500000-0xfd50ffff pref]
[    0.511597] pci 0000:02:05.0: BAR 6: assigned [mem 0xfd510000-0xfd51ffff pref]
[    0.511599] pci 0000:00:11.0: PCI bridge to [bus 02]
[    0.511613] pci 0000:00:11.0:   bridge window [io  0x2000-0x3fff]
[    0.511648] pci 0000:00:11.0:   bridge window [mem 0xfd500000-0xfdffffff]
[    0.511672] pci 0000:00:11.0:   bridge window [mem 0xe7b00000-0xe7ffffff 64bit pref]
[    0.511717] pci 0000:00:15.0: PCI bridge to [bus 03]
[    0.511730] pci 0000:00:15.0:   bridge window [io  0x4000-0x4fff]
[    0.511765] pci 0000:00:15.0:   bridge window [mem 0xfd400000-0xfd4fffff]
[    0.511788] pci 0000:00:15.0:   bridge window [mem 0xe7a00000-0xe7afffff 64bit pref]
[    0.511867] pci 0000:00:15.1: PCI bridge to [bus 04]
[    0.511881] pci 0000:00:15.1:   bridge window [io  0x8000-0x8fff]
[    0.511916] pci 0000:00:15.1:   bridge window [mem 0xfd000000-0xfd0fffff]
[    0.511939] pci 0000:00:15.1:   bridge window [mem 0xe7600000-0xe76fffff 64bit pref]
[    0.511998] pci 0000:00:15.2: PCI bridge to [bus 05]
[    0.512012] pci 0000:00:15.2:   bridge window [io  0xc000-0xcfff]
[    0.512046] pci 0000:00:15.2:   bridge window [mem 0xfcc00000-0xfccfffff]
[    0.512070] pci 0000:00:15.2:   bridge window [mem 0xe7200000-0xe72fffff 64bit pref]
[    0.512126] pci 0000:00:15.3: PCI bridge to [bus 06]
[    0.512161] pci 0000:00:15.3:   bridge window [mem 0xfc800000-0xfc8fffff]
[    0.512185] pci 0000:00:15.3:   bridge window [mem 0xe6e00000-0xe6efffff 64bit pref]
[    0.512241] pci 0000:00:15.4: PCI bridge to [bus 07]
[    0.512277] pci 0000:00:15.4:   bridge window [mem 0xfc400000-0xfc4fffff]
[    0.512300] pci 0000:00:15.4:   bridge window [mem 0xe6a00000-0xe6afffff 64bit pref]
[    0.512356] pci 0000:00:15.5: PCI bridge to [bus 08]
[    0.512405] pci 0000:00:15.5:   bridge window [mem 0xfc000000-0xfc0fffff]
[    0.512430] pci 0000:00:15.5:   bridge window [mem 0xe6600000-0xe66fffff 64bit pref]
[    0.512486] pci 0000:00:15.6: PCI bridge to [bus 09]
[    0.512522] pci 0000:00:15.6:   bridge window [mem 0xfbc00000-0xfbcfffff]
[    0.512545] pci 0000:00:15.6:   bridge window [mem 0xe6200000-0xe62fffff 64bit pref]
[    0.512601] pci 0000:00:15.7: PCI bridge to [bus 0a]
[    0.512636] pci 0000:00:15.7:   bridge window [mem 0xfb800000-0xfb8fffff]
[    0.512660] pci 0000:00:15.7:   bridge window [mem 0xe5e00000-0xe5efffff 64bit pref]
[    0.512715] pci 0000:00:16.0: PCI bridge to [bus 0b]
[    0.512729] pci 0000:00:16.0:   bridge window [io  0x5000-0x5fff]
[    0.512764] pci 0000:00:16.0:   bridge window [mem 0xfd300000-0xfd3fffff]
[    0.512787] pci 0000:00:16.0:   bridge window [mem 0xe7900000-0xe79fffff 64bit pref]
[    0.512842] pci 0000:00:16.1: PCI bridge to [bus 0c]
[    0.512856] pci 0000:00:16.1:   bridge window [io  0x9000-0x9fff]
[    0.512890] pci 0000:00:16.1:   bridge window [mem 0xfcf00000-0xfcffffff]
[    0.512914] pci 0000:00:16.1:   bridge window [mem 0xe7500000-0xe75fffff 64bit pref]
[    0.512969] pci 0000:00:16.2: PCI bridge to [bus 0d]
[    0.512983] pci 0000:00:16.2:   bridge window [io  0xd000-0xdfff]
[    0.513018] pci 0000:00:16.2:   bridge window [mem 0xfcb00000-0xfcbfffff]
[    0.513041] pci 0000:00:16.2:   bridge window [mem 0xe7100000-0xe71fffff 64bit pref]
[    0.513096] pci 0000:00:16.3: PCI bridge to [bus 0e]
[    0.513132] pci 0000:00:16.3:   bridge window [mem 0xfc700000-0xfc7fffff]
[    0.513156] pci 0000:00:16.3:   bridge window [mem 0xe6d00000-0xe6dfffff 64bit pref]
[    0.513211] pci 0000:00:16.4: PCI bridge to [bus 0f]
[    0.513247] pci 0000:00:16.4:   bridge window [mem 0xfc300000-0xfc3fffff]
[    0.513270] pci 0000:00:16.4:   bridge window [mem 0xe6900000-0xe69fffff 64bit pref]
[    0.513325] pci 0000:00:16.5: PCI bridge to [bus 10]
[    0.513360] pci 0000:00:16.5:   bridge window [mem 0xfbf00000-0xfbffffff]
[    0.513384] pci 0000:00:16.5:   bridge window [mem 0xe6500000-0xe65fffff 64bit pref]
[    0.513439] pci 0000:00:16.6: PCI bridge to [bus 11]
[    0.513475] pci 0000:00:16.6:   bridge window [mem 0xfbb00000-0xfbbfffff]
[    0.513498] pci 0000:00:16.6:   bridge window [mem 0xe6100000-0xe61fffff 64bit pref]
[    0.513554] pci 0000:00:16.7: PCI bridge to [bus 12]
[    0.513589] pci 0000:00:16.7:   bridge window [mem 0xfb700000-0xfb7fffff]
[    0.513612] pci 0000:00:16.7:   bridge window [mem 0xe5d00000-0xe5dfffff 64bit pref]
[    0.513668] pci 0000:00:17.0: PCI bridge to [bus 13]
[    0.513682] pci 0000:00:17.0:   bridge window [io  0x6000-0x6fff]
[    0.513716] pci 0000:00:17.0:   bridge window [mem 0xfd200000-0xfd2fffff]
[    0.513740] pci 0000:00:17.0:   bridge window [mem 0xe7800000-0xe78fffff 64bit pref]
[    0.513795] pci 0000:00:17.1: PCI bridge to [bus 14]
[    0.513808] pci 0000:00:17.1:   bridge window [io  0xa000-0xafff]
[    0.513843] pci 0000:00:17.1:   bridge window [mem 0xfce00000-0xfcefffff]
[    0.513866] pci 0000:00:17.1:   bridge window [mem 0xe7400000-0xe74fffff 64bit pref]
[    0.513922] pci 0000:00:17.2: PCI bridge to [bus 15]
[    0.513936] pci 0000:00:17.2:   bridge window [io  0xe000-0xefff]
[    0.513970] pci 0000:00:17.2:   bridge window [mem 0xfca00000-0xfcafffff]
[    0.513994] pci 0000:00:17.2:   bridge window [mem 0xe7000000-0xe70fffff 64bit pref]
[    0.514052] pci 0000:00:17.3: PCI bridge to [bus 16]
[    0.514088] pci 0000:00:17.3:   bridge window [mem 0xfc600000-0xfc6fffff]
[    0.514112] pci 0000:00:17.3:   bridge window [mem 0xe6c00000-0xe6cfffff 64bit pref]
[    0.514170] pci 0000:00:17.4: PCI bridge to [bus 17]
[    0.514205] pci 0000:00:17.4:   bridge window [mem 0xfc200000-0xfc2fffff]
[    0.514229] pci 0000:00:17.4:   bridge window [mem 0xe6800000-0xe68fffff 64bit pref]
[    0.514284] pci 0000:00:17.5: PCI bridge to [bus 18]
[    0.514320] pci 0000:00:17.5:   bridge window [mem 0xfbe00000-0xfbefffff]
[    0.514344] pci 0000:00:17.5:   bridge window [mem 0xe6400000-0xe64fffff 64bit pref]
[    0.514422] pci 0000:00:17.6: PCI bridge to [bus 19]
[    0.514458] pci 0000:00:17.6:   bridge window [mem 0xfba00000-0xfbafffff]
[    0.514482] pci 0000:00:17.6:   bridge window [mem 0xe6000000-0xe60fffff 64bit pref]
[    0.514539] pci 0000:00:17.7: PCI bridge to [bus 1a]
[    0.514574] pci 0000:00:17.7:   bridge window [mem 0xfb600000-0xfb6fffff]
[    0.514598] pci 0000:00:17.7:   bridge window [mem 0xe5c00000-0xe5cfffff 64bit pref]
[    0.514653] pci 0000:00:18.0: PCI bridge to [bus 1b]
[    0.514667] pci 0000:00:18.0:   bridge window [io  0x7000-0x7fff]
[    0.514702] pci 0000:00:18.0:   bridge window [mem 0xfd100000-0xfd1fffff]
[    0.514725] pci 0000:00:18.0:   bridge window [mem 0xe7700000-0xe77fffff 64bit pref]
[    0.514781] pci 0000:00:18.1: PCI bridge to [bus 1c]
[    0.514794] pci 0000:00:18.1:   bridge window [io  0xb000-0xbfff]
[    0.514829] pci 0000:00:18.1:   bridge window [mem 0xfcd00000-0xfcdfffff]
[    0.514853] pci 0000:00:18.1:   bridge window [mem 0xe7300000-0xe73fffff 64bit pref]
[    0.514908] pci 0000:00:18.2: PCI bridge to [bus 1d]
[    0.514944] pci 0000:00:18.2:   bridge window [mem 0xfc900000-0xfc9fffff]
[    0.514968] pci 0000:00:18.2:   bridge window [mem 0xe6f00000-0xe6ffffff 64bit pref]
[    0.515024] pci 0000:00:18.3: PCI bridge to [bus 1e]
[    0.515060] pci 0000:00:18.3:   bridge window [mem 0xfc500000-0xfc5fffff]
[    0.515084] pci 0000:00:18.3:   bridge window [mem 0xe6b00000-0xe6bfffff 64bit pref]
[    0.515139] pci 0000:00:18.4: PCI bridge to [bus 1f]
[    0.515175] pci 0000:00:18.4:   bridge window [mem 0xfc100000-0xfc1fffff]
[    0.515198] pci 0000:00:18.4:   bridge window [mem 0xe6700000-0xe67fffff 64bit pref]
[    0.515253] pci 0000:00:18.5: PCI bridge to [bus 20]
[    0.515289] pci 0000:00:18.5:   bridge window [mem 0xfbd00000-0xfbdfffff]
[    0.515312] pci 0000:00:18.5:   bridge window [mem 0xe6300000-0xe63fffff 64bit pref]
[    0.515367] pci 0000:00:18.6: PCI bridge to [bus 21]
[    0.515403] pci 0000:00:18.6:   bridge window [mem 0xfb900000-0xfb9fffff]
[    0.515427] pci 0000:00:18.6:   bridge window [mem 0xe5f00000-0xe5ffffff 64bit pref]
[    0.515482] pci 0000:00:18.7: PCI bridge to [bus 22]
[    0.515518] pci 0000:00:18.7:   bridge window [mem 0xfb500000-0xfb5fffff]
[    0.515541] pci 0000:00:18.7:   bridge window [mem 0xe5b00000-0xe5bfffff 64bit pref]
[    0.515598] pci_bus 0000:00: resource 4 [mem 0x000a0000-0x000bffff window]
[    0.515599] pci_bus 0000:00: resource 5 [mem 0x000d0000-0x000d3fff window]
[    0.515601] pci_bus 0000:00: resource 6 [mem 0x000d4000-0x000d7fff window]
[    0.515602] pci_bus 0000:00: resource 7 [mem 0x000d8000-0x000dbfff window]
[    0.515604] pci_bus 0000:00: resource 8 [mem 0xc0000000-0xfebfffff window]
[    0.515605] pci_bus 0000:00: resource 9 [io  0x0000-0x0cf7 window]
[    0.515607] pci_bus 0000:00: resource 10 [io  0x0d00-0xfeff window]
[    0.515609] pci_bus 0000:02: resource 0 [io  0x2000-0x3fff]
[    0.515610] pci_bus 0000:02: resource 1 [mem 0xfd500000-0xfdffffff]
[    0.515612] pci_bus 0000:02: resource 2 [mem 0xe7b00000-0xe7ffffff 64bit pref]
[    0.515613] pci_bus 0000:02: resource 4 [mem 0x000a0000-0x000bffff window]
[    0.515615] pci_bus 0000:02: resource 5 [mem 0x000d0000-0x000d3fff window]
[    0.515616] pci_bus 0000:02: resource 6 [mem 0x000d4000-0x000d7fff window]
[    0.515617] pci_bus 0000:02: resource 7 [mem 0x000d8000-0x000dbfff window]
[    0.515619] pci_bus 0000:02: resource 8 [mem 0xc0000000-0xfebfffff window]
[    0.515620] pci_bus 0000:02: resource 9 [io  0x0000-0x0cf7 window]
[    0.515622] pci_bus 0000:02: resource 10 [io  0x0d00-0xfeff window]
[    0.515623] pci_bus 0000:03: resource 0 [io  0x4000-0x4fff]
[    0.515625] pci_bus 0000:03: resource 1 [mem 0xfd400000-0xfd4fffff]
[    0.515626] pci_bus 0000:03: resource 2 [mem 0xe7a00000-0xe7afffff 64bit pref]
[    0.515628] pci_bus 0000:04: resource 0 [io  0x8000-0x8fff]
[    0.515629] pci_bus 0000:04: resource 1 [mem 0xfd000000-0xfd0fffff]
[    0.515630] pci_bus 0000:04: resource 2 [mem 0xe7600000-0xe76fffff 64bit pref]
[    0.515632] pci_bus 0000:05: resource 0 [io  0xc000-0xcfff]
[    0.515633] pci_bus 0000:05: resource 1 [mem 0xfcc00000-0xfccfffff]
[    0.515635] pci_bus 0000:05: resource 2 [mem 0xe7200000-0xe72fffff 64bit pref]
[    0.515636] pci_bus 0000:06: resource 1 [mem 0xfc800000-0xfc8fffff]
[    0.515638] pci_bus 0000:06: resource 2 [mem 0xe6e00000-0xe6efffff 64bit pref]
[    0.515639] pci_bus 0000:07: resource 1 [mem 0xfc400000-0xfc4fffff]
[    0.515641] pci_bus 0000:07: resource 2 [mem 0xe6a00000-0xe6afffff 64bit pref]
[    0.515642] pci_bus 0000:08: resource 1 [mem 0xfc000000-0xfc0fffff]
[    0.515644] pci_bus 0000:08: resource 2 [mem 0xe6600000-0xe66fffff 64bit pref]
[    0.515645] pci_bus 0000:09: resource 1 [mem 0xfbc00000-0xfbcfffff]
[    0.515646] pci_bus 0000:09: resource 2 [mem 0xe6200000-0xe62fffff 64bit pref]
[    0.515648] pci_bus 0000:0a: resource 1 [mem 0xfb800000-0xfb8fffff]
[    0.515649] pci_bus 0000:0a: resource 2 [mem 0xe5e00000-0xe5efffff 64bit pref]
[    0.515651] pci_bus 0000:0b: resource 0 [io  0x5000-0x5fff]
[    0.515652] pci_bus 0000:0b: resource 1 [mem 0xfd300000-0xfd3fffff]
[    0.515654] pci_bus 0000:0b: resource 2 [mem 0xe7900000-0xe79fffff 64bit pref]
[    0.515655] pci_bus 0000:0c: resource 0 [io  0x9000-0x9fff]
[    0.515656] pci_bus 0000:0c: resource 1 [mem 0xfcf00000-0xfcffffff]
[    0.515658] pci_bus 0000:0c: resource 2 [mem 0xe7500000-0xe75fffff 64bit pref]
[    0.515659] pci_bus 0000:0d: resource 0 [io  0xd000-0xdfff]
[    0.515661] pci_bus 0000:0d: resource 1 [mem 0xfcb00000-0xfcbfffff]
[    0.515662] pci_bus 0000:0d: resource 2 [mem 0xe7100000-0xe71fffff 64bit pref]
[    0.515663] pci_bus 0000:0e: resource 1 [mem 0xfc700000-0xfc7fffff]
[    0.515665] pci_bus 0000:0e: resource 2 [mem 0xe6d00000-0xe6dfffff 64bit pref]
[    0.515666] pci_bus 0000:0f: resource 1 [mem 0xfc300000-0xfc3fffff]
[    0.515668] pci_bus 0000:0f: resource 2 [mem 0xe6900000-0xe69fffff 64bit pref]
[    0.515669] pci_bus 0000:10: resource 1 [mem 0xfbf00000-0xfbffffff]
[    0.515671] pci_bus 0000:10: resource 2 [mem 0xe6500000-0xe65fffff 64bit pref]
[    0.515672] pci_bus 0000:11: resource 1 [mem 0xfbb00000-0xfbbfffff]
[    0.515673] pci_bus 0000:11: resource 2 [mem 0xe6100000-0xe61fffff 64bit pref]
[    0.515675] pci_bus 0000:12: resource 1 [mem 0xfb700000-0xfb7fffff]
[    0.515676] pci_bus 0000:12: resource 2 [mem 0xe5d00000-0xe5dfffff 64bit pref]
[    0.515678] pci_bus 0000:13: resource 0 [io  0x6000-0x6fff]
[    0.515679] pci_bus 0000:13: resource 1 [mem 0xfd200000-0xfd2fffff]
[    0.515680] pci_bus 0000:13: resource 2 [mem 0xe7800000-0xe78fffff 64bit pref]
[    0.515682] pci_bus 0000:14: resource 0 [io  0xa000-0xafff]
[    0.515683] pci_bus 0000:14: resource 1 [mem 0xfce00000-0xfcefffff]
[    0.515685] pci_bus 0000:14: resource 2 [mem 0xe7400000-0xe74fffff 64bit pref]
[    0.515686] pci_bus 0000:15: resource 0 [io  0xe000-0xefff]
[    0.515687] pci_bus 0000:15: resource 1 [mem 0xfca00000-0xfcafffff]
[    0.515689] pci_bus 0000:15: resource 2 [mem 0xe7000000-0xe70fffff 64bit pref]
[    0.515690] pci_bus 0000:16: resource 1 [mem 0xfc600000-0xfc6fffff]
[    0.515692] pci_bus 0000:16: resource 2 [mem 0xe6c00000-0xe6cfffff 64bit pref]
[    0.515693] pci_bus 0000:17: resource 1 [mem 0xfc200000-0xfc2fffff]
[    0.515695] pci_bus 0000:17: resource 2 [mem 0xe6800000-0xe68fffff 64bit pref]
[    0.515696] pci_bus 0000:18: resource 1 [mem 0xfbe00000-0xfbefffff]
[    0.515697] pci_bus 0000:18: resource 2 [mem 0xe6400000-0xe64fffff 64bit pref]
[    0.515699] pci_bus 0000:19: resource 1 [mem 0xfba00000-0xfbafffff]
[    0.515701] pci_bus 0000:19: resource 2 [mem 0xe6000000-0xe60fffff 64bit pref]
[    0.515702] pci_bus 0000:1a: resource 1 [mem 0xfb600000-0xfb6fffff]
[    0.515703] pci_bus 0000:1a: resource 2 [mem 0xe5c00000-0xe5cfffff 64bit pref]
[    0.515705] pci_bus 0000:1b: resource 0 [io  0x7000-0x7fff]
[    0.515706] pci_bus 0000:1b: resource 1 [mem 0xfd100000-0xfd1fffff]
[    0.515707] pci_bus 0000:1b: resource 2 [mem 0xe7700000-0xe77fffff 64bit pref]
[    0.515709] pci_bus 0000:1c: resource 0 [io  0xb000-0xbfff]
[    0.515710] pci_bus 0000:1c: resource 1 [mem 0xfcd00000-0xfcdfffff]
[    0.515712] pci_bus 0000:1c: resource 2 [mem 0xe7300000-0xe73fffff 64bit pref]
[    0.515713] pci_bus 0000:1d: resource 1 [mem 0xfc900000-0xfc9fffff]
[    0.515715] pci_bus 0000:1d: resource 2 [mem 0xe6f00000-0xe6ffffff 64bit pref]
[    0.515716] pci_bus 0000:1e: resource 1 [mem 0xfc500000-0xfc5fffff]
[    0.515718] pci_bus 0000:1e: resource 2 [mem 0xe6b00000-0xe6bfffff 64bit pref]
[    0.515719] pci_bus 0000:1f: resource 1 [mem 0xfc100000-0xfc1fffff]
[    0.515720] pci_bus 0000:1f: resource 2 [mem 0xe6700000-0xe67fffff 64bit pref]
[    0.515722] pci_bus 0000:20: resource 1 [mem 0xfbd00000-0xfbdfffff]
[    0.515723] pci_bus 0000:20: resource 2 [mem 0xe6300000-0xe63fffff 64bit pref]
[    0.515725] pci_bus 0000:21: resource 1 [mem 0xfb900000-0xfb9fffff]
[    0.515726] pci_bus 0000:21: resource 2 [mem 0xe5f00000-0xe5ffffff 64bit pref]
[    0.515728] pci_bus 0000:22: resource 1 [mem 0xfb500000-0xfb5fffff]
[    0.515729] pci_bus 0000:22: resource 2 [mem 0xe5b00000-0xe5bfffff 64bit pref]
[    0.515922] NET: Registered protocol family 2
[    0.517875] TCP established hash table entries: 16384 (order: 5, 131072 bytes)
[    0.518750] TCP bind hash table entries: 16384 (order: 6, 262144 bytes)
[    0.520101] TCP: Hash tables configured (established 16384 bind 16384)
[    0.520169] UDP hash table entries: 1024 (order: 3, 32768 bytes)
[    0.520338] UDP-Lite hash table entries: 1024 (order: 3, 32768 bytes)
[    0.522061] NET: Registered protocol family 1
[    0.522079] pci 0000:00:00.0: Limiting direct PCI/PCI transfers
[    0.522174] pci 0000:00:0f.0: Video device with shadowed ROM
[    0.523687] PCI: CLS mismatch (32 != 64), using 64 bytes
[    0.524509] Unpacking initramfs...
[    1.811622] Freeing initrd memory: 37156K (ffff88003375e000 - ffff880035ba7000)
[    1.811800] RAPL PMU detected, API unit is 2^-32 Joules, 4 fixed counters 10737418240 ms ovfl timer
[    1.811802] hw unit of domain pp0-core 2^-0 Joules
[    1.811803] hw unit of domain package 2^-0 Joules
[    1.811804] hw unit of domain dram 2^-0 Joules
[    1.811805] hw unit of domain pp1-gpu 2^-0 Joules
[    1.811819] clocksource: tsc: mask: 0xffffffffffffffff max_cycles: 0x39a85c9bff6, max_idle_ns: 881590591483 ns
[    1.811851] clocksource: Switched to clocksource tsc
[    1.811953] Scanning for low memory corruption every 60 seconds
[    1.815440] audit: initializing netlink subsys (disabled)
[    1.815457] audit: type=2000 audit(1503571727.787:1): initialized
[    1.816109] Initialise system trusted keyring
[    1.816385] HugeTLB registered 1 GB page size, pre-allocated 0 pages
[    1.816386] HugeTLB registered 2 MB page size, pre-allocated 0 pages
[    1.820102] zbud: loaded
[    1.820435] VFS: Disk quotas dquot_6.6.0
[    1.820602] VFS: Dquot-cache hash table entries: 512 (order 0, 4096 bytes)
[    1.821333] squashfs: version 4.0 (2009/01/31) Phillip Lougher
[    1.822143] fuse init (API version 7.23)
[    1.822622] Key type big_key registered
[    1.822641] Allocating IMA MOK and blacklist keyrings.
[    1.824103] Key type asymmetric registered
[    1.824106] Asymmetric key parser 'x509' registered
[    1.824228] Block layer SCSI generic (bsg) driver version 0.4 loaded (major 249)
[    1.824342] io scheduler noop registered
[    1.824345] io scheduler deadline registered (default)
[    1.824386] io scheduler cfq registered
[    1.847486] pcieport 0000:00:15.0: Signaling PME through PCIe PME interrupt
[    1.847514] pcie_pme 0000:00:15.0:pcie01: service driver pcie_pme loaded
[    1.847693] pcieport 0000:00:15.1: Signaling PME through PCIe PME interrupt
[    1.847717] pcie_pme 0000:00:15.1:pcie01: service driver pcie_pme loaded
[    1.847895] pcieport 0000:00:15.2: Signaling PME through PCIe PME interrupt
[    1.847919] pcie_pme 0000:00:15.2:pcie01: service driver pcie_pme loaded
[    1.848095] pcieport 0000:00:15.3: Signaling PME through PCIe PME interrupt
[    1.848120] pcie_pme 0000:00:15.3:pcie01: service driver pcie_pme loaded
[    1.848296] pcieport 0000:00:15.4: Signaling PME through PCIe PME interrupt
[    1.848321] pcie_pme 0000:00:15.4:pcie01: service driver pcie_pme loaded
[    1.848509] pcieport 0000:00:15.5: Signaling PME through PCIe PME interrupt
[    1.848535] pcie_pme 0000:00:15.5:pcie01: service driver pcie_pme loaded
[    1.848738] pcieport 0000:00:15.6: Signaling PME through PCIe PME interrupt
[    1.848764] pcie_pme 0000:00:15.6:pcie01: service driver pcie_pme loaded
[    1.848941] pcieport 0000:00:15.7: Signaling PME through PCIe PME interrupt
[    1.848966] pcie_pme 0000:00:15.7:pcie01: service driver pcie_pme loaded
[    1.849142] pcieport 0000:00:16.0: Signaling PME through PCIe PME interrupt
[    1.849167] pcie_pme 0000:00:16.0:pcie01: service driver pcie_pme loaded
[    1.849356] pcieport 0000:00:16.1: Signaling PME through PCIe PME interrupt
[    1.849381] pcie_pme 0000:00:16.1:pcie01: service driver pcie_pme loaded
[    1.849558] pcieport 0000:00:16.2: Signaling PME through PCIe PME interrupt
[    1.849582] pcie_pme 0000:00:16.2:pcie01: service driver pcie_pme loaded
[    1.849759] pcieport 0000:00:16.3: Signaling PME through PCIe PME interrupt
[    1.849783] pcie_pme 0000:00:16.3:pcie01: service driver pcie_pme loaded
[    1.849984] pcieport 0000:00:16.4: Signaling PME through PCIe PME interrupt
[    1.850010] pcie_pme 0000:00:16.4:pcie01: service driver pcie_pme loaded
[    1.850188] pcieport 0000:00:16.5: Signaling PME through PCIe PME interrupt
[    1.850212] pcie_pme 0000:00:16.5:pcie01: service driver pcie_pme loaded
[    1.850389] pcieport 0000:00:16.6: Signaling PME through PCIe PME interrupt
[    1.850413] pcie_pme 0000:00:16.6:pcie01: service driver pcie_pme loaded
[    1.850589] pcieport 0000:00:16.7: Signaling PME through PCIe PME interrupt
[    1.850614] pcie_pme 0000:00:16.7:pcie01: service driver pcie_pme loaded
[    1.850790] pcieport 0000:00:17.0: Signaling PME through PCIe PME interrupt
[    1.850814] pcie_pme 0000:00:17.0:pcie01: service driver pcie_pme loaded
[    1.850990] pcieport 0000:00:17.1: Signaling PME through PCIe PME interrupt
[    1.851014] pcie_pme 0000:00:17.1:pcie01: service driver pcie_pme loaded
[    1.851215] pcieport 0000:00:17.2: Signaling PME through PCIe PME interrupt
[    1.851241] pcie_pme 0000:00:17.2:pcie01: service driver pcie_pme loaded
[    1.851446] pcieport 0000:00:17.3: Signaling PME through PCIe PME interrupt
[    1.851471] pcie_pme 0000:00:17.3:pcie01: service driver pcie_pme loaded
[    1.851648] pcieport 0000:00:17.4: Signaling PME through PCIe PME interrupt
[    1.851673] pcie_pme 0000:00:17.4:pcie01: service driver pcie_pme loaded
[    1.851849] pcieport 0000:00:17.5: Signaling PME through PCIe PME interrupt
[    1.851874] pcie_pme 0000:00:17.5:pcie01: service driver pcie_pme loaded
[    1.852064] pcieport 0000:00:17.6: Signaling PME through PCIe PME interrupt
[    1.852089] pcie_pme 0000:00:17.6:pcie01: service driver pcie_pme loaded
[    1.852267] pcieport 0000:00:17.7: Signaling PME through PCIe PME interrupt
[    1.852291] pcie_pme 0000:00:17.7:pcie01: service driver pcie_pme loaded
[    1.852501] pcieport 0000:00:18.0: Signaling PME through PCIe PME interrupt
[    1.852527] pcie_pme 0000:00:18.0:pcie01: service driver pcie_pme loaded
[    1.852705] pcieport 0000:00:18.1: Signaling PME through PCIe PME interrupt
[    1.852730] pcie_pme 0000:00:18.1:pcie01: service driver pcie_pme loaded
[    1.852907] pcieport 0000:00:18.2: Signaling PME through PCIe PME interrupt
[    1.852931] pcie_pme 0000:00:18.2:pcie01: service driver pcie_pme loaded
[    1.853107] pcieport 0000:00:18.3: Signaling PME through PCIe PME interrupt
[    1.853132] pcie_pme 0000:00:18.3:pcie01: service driver pcie_pme loaded
[    1.853308] pcieport 0000:00:18.4: Signaling PME through PCIe PME interrupt
[    1.853333] pcie_pme 0000:00:18.4:pcie01: service driver pcie_pme loaded
[    1.853509] pcieport 0000:00:18.5: Signaling PME through PCIe PME interrupt
[    1.853533] pcie_pme 0000:00:18.5:pcie01: service driver pcie_pme loaded
[    1.853735] pcieport 0000:00:18.6: Signaling PME through PCIe PME interrupt
[    1.853760] pcie_pme 0000:00:18.6:pcie01: service driver pcie_pme loaded
[    1.853938] pcieport 0000:00:18.7: Signaling PME through PCIe PME interrupt
[    1.853963] pcie_pme 0000:00:18.7:pcie01: service driver pcie_pme loaded
[    1.853974] pci_hotplug: PCI Hot Plug PCI Core version: 0.5
[    1.854019] pciehp 0000:00:15.0:pcie04: Slot #160 AttnBtn+ PwrCtrl+ MRL- AttnInd- PwrInd- HotPlug+ Surprise- Interlock- NoCompl+ LLActRep+
[    1.854122] pciehp 0000:00:15.0:pcie04: service driver pciehp loaded
[    1.854163] pciehp 0000:00:15.1:pcie04: Slot #161 AttnBtn+ PwrCtrl+ MRL- AttnInd- PwrInd- HotPlug+ Surprise- Interlock- NoCompl+ LLActRep+
[    1.854255] pciehp 0000:00:15.1:pcie04: service driver pciehp loaded
[    1.854295] pciehp 0000:00:15.2:pcie04: Slot #162 AttnBtn+ PwrCtrl+ MRL- AttnInd- PwrInd- HotPlug+ Surprise- Interlock- NoCompl+ LLActRep+
[    1.854384] pciehp 0000:00:15.2:pcie04: service driver pciehp loaded
[    1.854424] pciehp 0000:00:15.3:pcie04: Slot #163 AttnBtn+ PwrCtrl+ MRL- AttnInd- PwrInd- HotPlug+ Surprise- Interlock- NoCompl+ LLActRep+
[    1.854513] pciehp 0000:00:15.3:pcie04: service driver pciehp loaded
[    1.854553] pciehp 0000:00:15.4:pcie04: Slot #164 AttnBtn+ PwrCtrl+ MRL- AttnInd- PwrInd- HotPlug+ Surprise- Interlock- NoCompl+ LLActRep+
[    1.854658] pciehp 0000:00:15.4:pcie04: service driver pciehp loaded
[    1.854698] pciehp 0000:00:15.5:pcie04: Slot #165 AttnBtn+ PwrCtrl+ MRL- AttnInd- PwrInd- HotPlug+ Surprise- Interlock- NoCompl+ LLActRep+
[    1.854786] pciehp 0000:00:15.5:pcie04: service driver pciehp loaded
[    1.854826] pciehp 0000:00:15.6:pcie04: Slot #166 AttnBtn+ PwrCtrl+ MRL- AttnInd- PwrInd- HotPlug+ Surprise- Interlock- NoCompl+ LLActRep+
[    1.854915] pciehp 0000:00:15.6:pcie04: service driver pciehp loaded
[    1.854955] pciehp 0000:00:15.7:pcie04: Slot #167 AttnBtn+ PwrCtrl+ MRL- AttnInd- PwrInd- HotPlug+ Surprise- Interlock- NoCompl+ LLActRep+
[    1.855953] pciehp 0000:00:15.7:pcie04: service driver pciehp loaded
[    1.855995] pciehp 0000:00:16.0:pcie04: Slot #192 AttnBtn+ PwrCtrl+ MRL- AttnInd- PwrInd- HotPlug+ Surprise- Interlock- NoCompl+ LLActRep+
[    1.856080] pciehp 0000:00:16.0:pcie04: service driver pciehp loaded
[    1.856120] pciehp 0000:00:16.1:pcie04: Slot #193 AttnBtn+ PwrCtrl+ MRL- AttnInd- PwrInd- HotPlug+ Surprise- Interlock- NoCompl+ LLActRep+
[    1.856199] pciehp 0000:00:16.1:pcie04: service driver pciehp loaded
[    1.856239] pciehp 0000:00:16.2:pcie04: Slot #194 AttnBtn+ PwrCtrl+ MRL- AttnInd- PwrInd- HotPlug+ Surprise- Interlock- NoCompl+ LLActRep+
[    1.856318] pciehp 0000:00:16.2:pcie04: service driver pciehp loaded
[    1.856358] pciehp 0000:00:16.3:pcie04: Slot #195 AttnBtn+ PwrCtrl+ MRL- AttnInd- PwrInd- HotPlug+ Surprise- Interlock- NoCompl+ LLActRep+
[    1.856448] pciehp 0000:00:16.3:pcie04: service driver pciehp loaded
[    1.856489] pciehp 0000:00:16.4:pcie04: Slot #196 AttnBtn+ PwrCtrl+ MRL- AttnInd- PwrInd- HotPlug+ Surprise- Interlock- NoCompl+ LLActRep+
[    1.856569] pciehp 0000:00:16.4:pcie04: service driver pciehp loaded
[    1.856610] pciehp 0000:00:16.5:pcie04: Slot #197 AttnBtn+ PwrCtrl+ MRL- AttnInd- PwrInd- HotPlug+ Surprise- Interlock- NoCompl+ LLActRep+
[    1.856691] pciehp 0000:00:16.5:pcie04: service driver pciehp loaded
[    1.856731] pciehp 0000:00:16.6:pcie04: Slot #198 AttnBtn+ PwrCtrl+ MRL- AttnInd- PwrInd- HotPlug+ Surprise- Interlock- NoCompl+ LLActRep+
[    1.856810] pciehp 0000:00:16.6:pcie04: service driver pciehp loaded
[    1.856851] pciehp 0000:00:16.7:pcie04: Slot #199 AttnBtn+ PwrCtrl+ MRL- AttnInd- PwrInd- HotPlug+ Surprise- Interlock- NoCompl+ LLActRep+
[    1.856974] pciehp 0000:00:16.7:pcie04: service driver pciehp loaded
[    1.857015] pciehp 0000:00:17.0:pcie04: Slot #224 AttnBtn+ PwrCtrl+ MRL- AttnInd- PwrInd- HotPlug+ Surprise- Interlock- NoCompl+ LLActRep+
[    1.857095] pciehp 0000:00:17.0:pcie04: service driver pciehp loaded
[    1.857135] pciehp 0000:00:17.1:pcie04: Slot #225 AttnBtn+ PwrCtrl+ MRL- AttnInd- PwrInd- HotPlug+ Surprise- Interlock- NoCompl+ LLActRep+
[    1.857215] pciehp 0000:00:17.1:pcie04: service driver pciehp loaded
[    1.857269] pciehp 0000:00:17.2:pcie04: Slot #226 AttnBtn+ PwrCtrl+ MRL- AttnInd- PwrInd- HotPlug+ Surprise- Interlock- NoCompl+ LLActRep+
[    1.857350] pciehp 0000:00:17.2:pcie04: service driver pciehp loaded
[    1.857390] pciehp 0000:00:17.3:pcie04: Slot #227 AttnBtn+ PwrCtrl+ MRL- AttnInd- PwrInd- HotPlug+ Surprise- Interlock- NoCompl+ LLActRep+
[    1.857470] pciehp 0000:00:17.3:pcie04: service driver pciehp loaded
[    1.857510] pciehp 0000:00:17.4:pcie04: Slot #228 AttnBtn+ PwrCtrl+ MRL- AttnInd- PwrInd- HotPlug+ Surprise- Interlock- NoCompl+ LLActRep+
[    1.857589] pciehp 0000:00:17.4:pcie04: service driver pciehp loaded
[    1.857676] pciehp 0000:00:17.5:pcie04: Slot #229 AttnBtn+ PwrCtrl+ MRL- AttnInd- PwrInd- HotPlug+ Surprise- Interlock- NoCompl+ LLActRep+
[    1.857756] pciehp 0000:00:17.5:pcie04: service driver pciehp loaded
[    1.857796] pciehp 0000:00:17.6:pcie04: Slot #230 AttnBtn+ PwrCtrl+ MRL- AttnInd- PwrInd- HotPlug+ Surprise- Interlock- NoCompl+ LLActRep+
[    1.857877] pciehp 0000:00:17.6:pcie04: service driver pciehp loaded
[    1.857917] pciehp 0000:00:17.7:pcie04: Slot #231 AttnBtn+ PwrCtrl+ MRL- AttnInd- PwrInd- HotPlug+ Surprise- Interlock- NoCompl+ LLActRep+
[    1.858003] pciehp 0000:00:17.7:pcie04: service driver pciehp loaded
[    1.858043] pciehp 0000:00:18.0:pcie04: Slot #256 AttnBtn+ PwrCtrl+ MRL- AttnInd- PwrInd- HotPlug+ Surprise- Interlock- NoCompl+ LLActRep+
[    1.858122] pciehp 0000:00:18.0:pcie04: service driver pciehp loaded
[    1.858163] pciehp 0000:00:18.1:pcie04: Slot #257 AttnBtn+ PwrCtrl+ MRL- AttnInd- PwrInd- HotPlug+ Surprise- Interlock- NoCompl+ LLActRep+
[    1.858241] pciehp 0000:00:18.1:pcie04: service driver pciehp loaded
[    1.858282] pciehp 0000:00:18.2:pcie04: Slot #258 AttnBtn+ PwrCtrl+ MRL- AttnInd- PwrInd- HotPlug+ Surprise- Interlock- NoCompl+ LLActRep+
[    1.858362] pciehp 0000:00:18.2:pcie04: service driver pciehp loaded
[    1.858402] pciehp 0000:00:18.3:pcie04: Slot #259 AttnBtn+ PwrCtrl+ MRL- AttnInd- PwrInd- HotPlug+ Surprise- Interlock- NoCompl+ LLActRep+
[    1.858481] pciehp 0000:00:18.3:pcie04: service driver pciehp loaded
[    1.858522] pciehp 0000:00:18.4:pcie04: Slot #260 AttnBtn+ PwrCtrl+ MRL- AttnInd- PwrInd- HotPlug+ Surprise- Interlock- NoCompl+ LLActRep+
[    1.858601] pciehp 0000:00:18.4:pcie04: service driver pciehp loaded
[    1.858641] pciehp 0000:00:18.5:pcie04: Slot #261 AttnBtn+ PwrCtrl+ MRL- AttnInd- PwrInd- HotPlug+ Surprise- Interlock- NoCompl+ LLActRep+
[    1.858722] pciehp 0000:00:18.5:pcie04: service driver pciehp loaded
[    1.858763] pciehp 0000:00:18.6:pcie04: Slot #262 AttnBtn+ PwrCtrl+ MRL- AttnInd- PwrInd- HotPlug+ Surprise- Interlock- NoCompl+ LLActRep+
[    1.858842] pciehp 0000:00:18.6:pcie04: service driver pciehp loaded
[    1.858883] pciehp 0000:00:18.7:pcie04: Slot #263 AttnBtn+ PwrCtrl+ MRL- AttnInd- PwrInd- HotPlug+ Surprise- Interlock- NoCompl+ LLActRep+
[    1.858962] pciehp 0000:00:18.7:pcie04: service driver pciehp loaded
[    1.858969] pciehp: PCI Express Hot Plug Controller Driver version: 0.4
[    1.859072] intel_idle: does not run on family 6 model 61
[    1.859278] ACPI: AC Adapter [ACAD] (on-line)
[    1.859463] input: Power Button as /devices/LNXSYSTM:00/LNXPWRBN:00/input/input0
[    1.859467] ACPI: Power Button [PWRF]
[    1.859857] GHES: HEST is not enabled!
[    1.860058] Serial: 8250/16550 driver, 32 ports, IRQ sharing enabled
[    1.885911] 00:06: ttyS0 at I/O 0x3f8 (irq = 4, base_baud = 115200) is a 16550A
[    1.911735] 00:07: ttyS1 at I/O 0x2f8 (irq = 3, base_baud = 115200) is a 16550A
[    1.914635] Linux agpgart interface v0.103
[    1.914719] agpgart-intel 0000:00:00.0: Intel 440BX Chipset
[    1.916898] agpgart-intel 0000:00:00.0: AGP aperture is 256M @ 0x0
[    1.926632] loop: module loaded
[    1.926828] ata_piix 0000:00:07.1: version 2.13
[    1.927367] scsi host0: ata_piix
[    1.927431] scsi host1: ata_piix
[    1.927466] ata1: PATA max UDMA/33 cmd 0x1f0 ctl 0x3f6 bmdma 0x1060 irq 14
[    1.927468] ata2: PATA max UDMA/33 cmd 0x170 ctl 0x376 bmdma 0x1068 irq 15
[    1.927562] libphy: Fixed MDIO Bus: probed
[    1.927566] tun: Universal TUN/TAP device driver, 1.6
[    1.927567] tun: (C) 1999-2004 Max Krasnyansky <maxk@qualcomm.com>
[    1.927889] PPP generic driver version 2.4.2
[    1.927952] ehci_hcd: USB 2.0 'Enhanced' Host Controller (EHCI) Driver
[    1.927957] ehci-pci: EHCI PCI platform driver
[    1.928362] ehci-pci 0000:02:03.0: EHCI Host Controller
[    1.928369] ehci-pci 0000:02:03.0: new USB bus registered, assigned bus number 1
[    1.928616] ehci-pci 0000:02:03.0: cache line size of 64 is not supported
[    1.928633] ehci-pci 0000:02:03.0: irq 17, io mem 0xfd5ef000
[    1.942701] ehci-pci 0000:02:03.0: USB 2.0 started, EHCI 1.00
[    1.942760] usb usb1: New USB device found, idVendor=1d6b, idProduct=0002
[    1.942762] usb usb1: New USB device strings: Mfr=3, Product=2, SerialNumber=1
[    1.942764] usb usb1: Product: EHCI Host Controller
[    1.942766] usb usb1: Manufacturer: Linux 4.4.0-83-generic ehci_hcd
[    1.942767] usb usb1: SerialNumber: 0000:02:03.0
[    1.942875] hub 1-0:1.0: USB hub found
[    1.942882] hub 1-0:1.0: 6 ports detected
[    1.943104] ehci-platform: EHCI generic platform driver
[    1.943118] ohci_hcd: USB 1.1 'Open' Host Controller (OHCI) Driver
[    1.943123] ohci-pci: OHCI PCI platform driver
